rbta.estimated_bounds detail=energy=runtime×50 memory=formulaic entropy=G'_MDIM_ATTN_only_others_entropy_na
cr.orthogonality.freeze frozen=alpha unfrozen=eta correlation=1.0
cr.orthogonality.freeze frozen=T unfrozen=eta correlation=0.856482100977432
rbta.estimated_bounds detail=energy=runtime×50 memory=formulaic entropy=G'_MDIM_ATTN_only_others_entropy_na
cr.orthogonality.freeze frozen=alpha unfrozen=eta correlation=1.0
cr.orthogonality.freeze frozen=T unfrozen=eta correlation=0.8565312589472039
rbta.estimated_bounds detail=energy=runtime×50 memory=formulaic entropy=G'_MDIM_ATTN_only_others_entropy_na
cr.orthogonality.freeze frozen=alpha unfrozen=eta correlation=1.0
cr.orthogonality.freeze frozen=T unfrozen=eta correlation=0.8513409154317416
rbta.estimated_bounds detail=energy=runtime×50 memory=formulaic entropy=G'_MDIM_ATTN_only_others_entropy_na
cr.orthogonality.freeze frozen=alpha unfrozen=eta correlation=1.0
cr.orthogonality.freeze frozen=T unfrozen=eta correlation=0.8646326891643437
rbta.estimated_bounds detail=energy=runtime×50 memory=formulaic entropy=G'_MDIM_ATTN_only_others_entropy_na
cr.orthogonality.freeze frozen=alpha unfrozen=eta correlation=0.9999999999999999
cr.orthogonality.freeze frozen=T unfrozen=eta correlation=0.8521508425411479
rbta.estimated_bounds detail=energy=runtime×50 memory=formulaic entropy=G'_MDIM_ATTN_only_others_entropy_na
cr.orthogonality.freeze frozen=alpha unfrozen=eta correlation=0.9999999999999999
cr.orthogonality.freeze frozen=T unfrozen=eta correlation=0.847351737690363
rbta.estimated_bounds detail=energy=runtime×50 memory=formulaic entropy=G'_MDIM_ATTN_only_others_entropy_na
cr.orthogonality.freeze frozen=alpha unfrozen=eta correlation=1.0
cr.orthogonality.freeze frozen=T unfrozen=eta correlation=0.8603490138073823
rbta.estimated_bounds detail=energy=runtime×50 memory=formulaic entropy=G'_MDIM_ATTN_only_others_entropy_na
cr.orthogonality.freeze frozen=alpha unfrozen=eta correlation=1.0
cr.orthogonality.freeze frozen=T unfrozen=eta correlation=0.8307431389010362
rbta.estimated_bounds detail=energy=runtime×50 memory=formulaic entropy=G'_MDIM_ATTN_only_others_entropy_na
cr.orthogonality.freeze frozen=alpha unfrozen=eta correlation=1.0
cr.orthogonality.freeze frozen=T unfrozen=eta correlation=0.874673081336642
rbta.estimated_bounds detail=energy=runtime×50 memory=formulaic entropy=G'_MDIM_ATTN_only_others_entropy_na
cr.orthogonality.freeze frozen=alpha unfrozen=eta correlation=0.9999999999999999
cr.orthogonality.freeze frozen=T unfrozen=eta correlation=0.8262717900833165
rbta.estimated_bounds detail=energy=runtime×50 memory=formulaic entropy=G'_MDIM_ATTN_only_others_entropy_na
cr.orthogonality.freeze frozen=alpha unfrozen=eta correlation=1.0
cr.orthogonality.freeze frozen=T unfrozen=eta correlation=0.8911335988296945
rbta.estimated_bounds detail=energy=runtime×50 memory=formulaic entropy=G'_MDIM_ATTN_only_others_entropy_na
cr.orthogonality.freeze frozen=alpha unfrozen=eta correlation=0.9999999999999997
rbta.estimated_bounds detail=energy=runtime×50 memory=formulaic entropy=G'_MDIM_ATTN_only_others_entropy_na
cr.orthogonality.freeze frozen=alpha unfrozen=eta correlation=1.0
cr.orthogonality.freeze frozen=T unfrozen=eta correlation=0.8560693259616619
rbta.estimated_bounds detail=energy=runtime×50 memory=formulaic entropy=G'_MDIM_ATTN_only_others_entropy_na
cr.orthogonality.freeze frozen=alpha unfrozen=eta correlation=0.9999999999999999
cr.orthogonality.freeze frozen=T unfrozen=eta correlation=0.8756339768740656
rbta.estimated_bounds detail=energy=runtime×50 memory=formulaic entropy=G'_MDIM_ATTN_only_others_entropy_na
cr.orthogonality.freeze frozen=alpha unfrozen=eta correlation=1.0
cr.orthogonality.freeze frozen=T unfrozen=eta correlation=0.838173632750184
rbta.estimated_bounds detail=energy=runtime×50 memory=formulaic entropy=G'_MDIM_ATTN_only_others_entropy_na
cr.orthogonality.freeze frozen=alpha unfrozen=eta correlation=1.0
cr.orthogonality.freeze frozen=T unfrozen=eta correlation=0.8434437009597046
rbta.estimated_bounds detail=energy=runtime×50 memory=formulaic entropy=G'_MDIM_ATTN_only_others_entropy_na
cr.orthogonality.freeze frozen=alpha unfrozen=eta correlation=1.0
cr.orthogonality.freeze frozen=T unfrozen=eta correlation=0.8509239733653188
rbta.estimated_bounds detail=energy=runtime×50 memory=formulaic entropy=G'_MDIM_ATTN_only_others_entropy_na
cr.orthogonality.freeze frozen=alpha unfrozen=eta correlation=1.0
cr.orthogonality.freeze frozen=T unfrozen=eta correlation=0.8532195034837307
rbta.estimated_bounds detail=energy=runtime×50 memory=formulaic entropy=G'_MDIM_ATTN_only_others_entropy_na
cr.orthogonality.freeze frozen=alpha unfrozen=eta correlation=0.9999999999999997
cr.orthogonality.freeze frozen=T unfrozen=eta correlation=0.8687585795737861
rbta.estimated_bounds detail=energy=runtime×50 memory=formulaic entropy=G'_MDIM_ATTN_only_others_entropy_na
cr.orthogonality.freeze frozen=alpha unfrozen=eta correlation=1.0
cr.orthogonality.freeze frozen=T unfrozen=eta correlation=0.852641929044434
rbta.estimated_bounds detail=energy=runtime×50 memory=formulaic entropy=G'_MDIM_ATTN_only_others_entropy_na
cr.orthogonality.freeze frozen=alpha unfrozen=eta correlation=1.0
cr.orthogonality.freeze frozen=T unfrozen=eta correlation=0.8713303585215897
rbta.estimated_bounds detail=energy=runtime×50 memory=formulaic entropy=G'_MDIM_ATTN_only_others_entropy_na
cr.orthogonality.freeze frozen=alpha unfrozen=eta correlation=0.9999999999999999
cr.orthogonality.freeze frozen=T unfrozen=eta correlation=0.8523851773836278
rbta.estimated_bounds detail=energy=runtime×50 memory=formulaic entropy=G'_MDIM_ATTN_only_others_entropy_na
cr.orthogonality.freeze frozen=alpha unfrozen=eta correlation=1.0
cr.orthogonality.freeze frozen=T unfrozen=eta correlation=0.8357105895911462
rbta.estimated_bounds detail=energy=runtime×50 memory=formulaic entropy=G'_MDIM_ATTN_only_others_entropy_na
cr.orthogonality.freeze frozen=alpha unfrozen=eta correlation=1.0
cr.orthogonality.freeze frozen=T unfrozen=eta correlation=0.8623872266619685
rbta.estimated_bounds detail=energy=runtime×50 memory=formulaic entropy=G'_MDIM_ATTN_only_others_entropy_na
cr.orthogonality.freeze frozen=alpha unfrozen=eta correlation=1.0
cr.orthogonality.freeze frozen=T unfrozen=eta correlation=0.850664574080393
rbta.estimated_bounds detail=energy=runtime×50 memory=formulaic entropy=G'_MDIM_ATTN_only_others_entropy_na
cr.orthogonality.freeze frozen=alpha unfrozen=eta correlation=1.0
cr.orthogonality.freeze frozen=T unfrozen=eta correlation=0.8553115028422468
rbta.estimated_bounds detail=energy=runtime×50 memory=formulaic entropy=G'_MDIM_ATTN_only_others_entropy_na
cr.orthogonality.freeze frozen=alpha unfrozen=eta correlation=1.0
cr.orthogonality.freeze frozen=T unfrozen=eta correlation=0.8642304978376442
rbta.estimated_bounds detail=energy=runtime×50 memory=formulaic entropy=G'_MDIM_ATTN_only_others_entropy_na
cr.orthogonality.freeze frozen=alpha unfrozen=eta correlation=0.9999999999999999
cr.orthogonality.freeze frozen=T unfrozen=eta correlation=0.8460839043941802
rbta.estimated_bounds detail=energy=runtime×50 memory=formulaic entropy=G'_MDIM_ATTN_only_others_entropy_na
cr.orthogonality.freeze frozen=alpha unfrozen=eta correlation=1.0
cr.orthogonality.freeze frozen=T unfrozen=eta correlation=0.8638645082013853
rbta.estimated_bounds detail=energy=runtime×50 memory=formulaic entropy=G'_MDIM_ATTN_only_others_entropy_na
cr.orthogonality.freeze frozen=alpha unfrozen=eta correlation=1.0
cr.orthogonality.freeze frozen=T unfrozen=eta correlation=0.8727446659272627
rbta.estimated_bounds detail=energy=runtime×50 memory=formulaic entropy=G'_MDIM_ATTN_only_others_entropy_na
cr.orthogonality.freeze frozen=alpha unfrozen=eta correlation=0.9999999999999999
cr.orthogonality.freeze frozen=T unfrozen=eta correlation=0.8758058146254052
rbta.estimated_bounds detail=energy=runtime×50 memory=formulaic entropy=G'_MDIM_ATTN_only_others_entropy_na
cr.orthogonality.freeze frozen=alpha unfrozen=eta correlation=1.0
cr.orthogonality.freeze frozen=T unfrozen=eta correlation=0.8473751520649826
rbta.estimated_bounds detail=energy=runtime×50 memory=formulaic entropy=G'_MDIM_ATTN_only_others_entropy_na
cr.orthogonality.freeze frozen=alpha unfrozen=eta correlation=1.0
cr.orthogonality.freeze frozen=T unfrozen=eta correlation=0.8519348501087657
rbta.estimated_bounds detail=energy=runtime×50 memory=formulaic entropy=G'_MDIM_ATTN_only_others_entropy_na
cr.orthogonality.freeze frozen=alpha unfrozen=eta correlation=1.0
cr.orthogonality.freeze frozen=T unfrozen=eta correlation=0.8506365478904578
rbta.estimated_bounds detail=energy=runtime×50 memory=formulaic entropy=G'_MDIM_ATTN_only_others_entropy_na
cr.orthogonality.freeze frozen=alpha unfrozen=eta correlation=1.0
cr.orthogonality.freeze frozen=T unfrozen=eta correlation=0.8445284875356547
rbta.estimated_bounds detail=energy=runtime×50 memory=formulaic entropy=G'_MDIM_ATTN_only_others_entropy_na
cr.orthogonality.freeze frozen=alpha unfrozen=eta correlation=0.9999999999999997
cr.orthogonality.freeze frozen=T unfrozen=eta correlation=0.8504099397161412
rbta.estimated_bounds detail=energy=runtime×50 memory=formulaic entropy=G'_MDIM_ATTN_only_others_entropy_na
cr.orthogonality.freeze frozen=alpha unfrozen=eta correlation=1.0
cr.orthogonality.freeze frozen=T unfrozen=eta correlation=0.8689399032919527
rbta.estimated_bounds detail=energy=runtime×50 memory=formulaic entropy=G'_MDIM_ATTN_only_others_entropy_na
cr.orthogonality.freeze frozen=alpha unfrozen=eta correlation=1.0
cr.orthogonality.freeze frozen=T unfrozen=eta correlation=0.8395896558650932
rbta.estimated_bounds detail=energy=runtime×50 memory=formulaic entropy=G'_MDIM_ATTN_only_others_entropy_na
cr.orthogonality.freeze frozen=alpha unfrozen=eta correlation=1.0
cr.orthogonality.freeze frozen=T unfrozen=eta correlation=0.8568074168450519
rbta.estimated_bounds detail=energy=runtime×50 memory=formulaic entropy=G'_MDIM_ATTN_only_others_entropy_na
cr.orthogonality.freeze frozen=alpha unfrozen=eta correlation=1.0
rbta.estimated_bounds detail=energy=runtime×50 memory=formulaic entropy=G'_MDIM_ATTN_only_others_entropy_na
cr.orthogonality.freeze frozen=alpha unfrozen=eta correlation=1.0
cr.orthogonality.freeze frozen=T unfrozen=eta correlation=0.8763464929356531
rbta.estimated_bounds detail=energy=runtime×50 memory=formulaic entropy=G'_MDIM_ATTN_only_others_entropy_na
cr.orthogonality.freeze frozen=alpha unfrozen=eta correlation=1.0
rbta.estimated_bounds detail=energy=runtime×50 memory=formulaic entropy=G'_MDIM_ATTN_only_others_entropy_na
cr.orthogonality.freeze frozen=alpha unfrozen=eta correlation=0.9999999999999999
cr.orthogonality.freeze frozen=T unfrozen=eta correlation=0.8414904235434847
rbta.estimated_bounds detail=energy=runtime×50 memory=formulaic entropy=G'_MDIM_ATTN_only_others_entropy_na
cr.orthogonality.freeze frozen=alpha unfrozen=eta correlation=1.0
cr.orthogonality.freeze frozen=T unfrozen=eta correlation=0.8570644191668153
rbta.estimated_bounds detail=energy=runtime×50 memory=formulaic entropy=G'_MDIM_ATTN_only_others_entropy_na
cr.orthogonality.freeze frozen=alpha unfrozen=eta correlation=1.0
cr.orthogonality.freeze frozen=T unfrozen=eta correlation=0.8376253129246788
rbta.estimated_bounds detail=energy=runtime×50 memory=formulaic entropy=G'_MDIM_ATTN_only_others_entropy_na
cr.orthogonality.freeze frozen=alpha unfrozen=eta correlation=1.0
cr.orthogonality.freeze frozen=T unfrozen=eta correlation=0.8305912199138739
rbta.estimated_bounds detail=energy=runtime×50 memory=formulaic entropy=G'_MDIM_ATTN_only_others_entropy_na
cr.orthogonality.freeze frozen=alpha unfrozen=eta correlation=1.0
rbta.estimated_bounds detail=energy=runtime×50 memory=formulaic entropy=G'_MDIM_ATTN_only_others_entropy_na
cr.orthogonality.freeze frozen=alpha unfrozen=eta correlation=1.0
cr.orthogonality.freeze frozen=T unfrozen=eta correlation=0.8522250768629172
rbta.estimated_bounds detail=energy=runtime×50 memory=formulaic entropy=G'_MDIM_ATTN_only_others_entropy_na
cr.orthogonality.freeze frozen=alpha unfrozen=eta correlation=1.0
cr.orthogonality.freeze frozen=T unfrozen=eta correlation=0.8549375716730702
rbta.estimated_bounds detail=energy=runtime×50 memory=formulaic entropy=G'_MDIM_ATTN_only_others_entropy_na
cr.orthogonality.freeze frozen=alpha unfrozen=eta correlation=1.0
cr.orthogonality.freeze frozen=T unfrozen=eta correlation=0.8649733506626349
rbta.estimated_bounds detail=energy=runtime×50 memory=formulaic entropy=G'_MDIM_ATTN_only_others_entropy_na
cr.orthogonality.freeze frozen=alpha unfrozen=eta correlation=0.9999999999999999
cr.orthogonality.freeze frozen=T unfrozen=eta correlation=0.8297956969010173
rbta.estimated_bounds detail=energy=runtime×50 memory=formulaic entropy=G'_MDIM_ATTN_only_others_entropy_na
cr.orthogonality.freeze frozen=alpha unfrozen=eta correlation=0.9999999999999999
cr.orthogonality.freeze frozen=T unfrozen=eta correlation=0.8475287701802072
rbta.estimated_bounds detail=energy=runtime×50 memory=formulaic entropy=G'_MDIM_ATTN_only_others_entropy_na
cr.orthogonality.freeze frozen=alpha unfrozen=eta correlation=1.0
cr.orthogonality.freeze frozen=T unfrozen=eta correlation=0.8519927048760249
rbta.estimated_bounds detail=energy=runtime×50 memory=formulaic entropy=G'_MDIM_ATTN_only_others_entropy_na
cr.orthogonality.freeze frozen=alpha unfrozen=eta correlation=1.0
cr.orthogonality.freeze frozen=T unfrozen=eta correlation=0.8812020486763575
rbta.estimated_bounds detail=energy=runtime×50 memory=formulaic entropy=G'_MDIM_ATTN_only_others_entropy_na
cr.orthogonality.freeze frozen=alpha unfrozen=eta correlation=1.0
cr.orthogonality.freeze frozen=T unfrozen=eta correlation=0.853429319971165
rbta.estimated_bounds detail=energy=runtime×50 memory=formulaic entropy=G'_MDIM_ATTN_only_others_entropy_na
cr.orthogonality.freeze frozen=alpha unfrozen=eta correlation=1.0
cr.orthogonality.freeze frozen=T unfrozen=eta correlation=0.8501423241829787
rbta.estimated_bounds detail=energy=runtime×50 memory=formulaic entropy=G'_MDIM_ATTN_only_others_entropy_na
cr.orthogonality.freeze frozen=alpha unfrozen=eta correlation=1.0
cr.orthogonality.freeze frozen=T unfrozen=eta correlation=0.8652893586062621
rbta.estimated_bounds detail=energy=runtime×50 memory=formulaic entropy=G'_MDIM_ATTN_only_others_entropy_na
cr.orthogonality.freeze frozen=alpha unfrozen=eta correlation=1.0
cr.orthogonality.freeze frozen=T unfrozen=eta correlation=0.8524390609781468
rbta.estimated_bounds detail=energy=runtime×50 memory=formulaic entropy=G'_MDIM_ATTN_only_others_entropy_na
cr.orthogonality.freeze frozen=alpha unfrozen=eta correlation=0.9999999999999999
cr.orthogonality.freeze frozen=T unfrozen=eta correlation=0.8434090420256709
rbta.estimated_bounds detail=energy=runtime×50 memory=formulaic entropy=G'_MDIM_ATTN_only_others_entropy_na
cr.orthogonality.freeze frozen=alpha unfrozen=eta correlation=1.0
cr.orthogonality.freeze frozen=T unfrozen=eta correlation=0.8504171005895637
Wrote logs/overnight_20260802_103502/causal_5x5_l2l3_geometry.json
Action selection: pure_geometry_default
level2: FAIL — PHCA must beat each gated control on >=75% of scenario metrics
  geometry_dominated_frac=1.0 rbta_violation_rate_mean=0.04833333333333333
  prediction_error_mean=3.43560675111413 (secondary; not gated)
  note: PASS/FAIL under geometry-dominated action selection measures planner competence vs baselines, not prediction-primary control (D-156/D-161). RBTA violation rate is reported but not gated. See secondary_prediction for PE dual-report (not gated).
  level2: greedy_observed: 0/3 metrics (PHCA better)
    goal_rate: phca=0.5516666666666666 vs greedy_observed=0.5978333333333333
    mean_distance_to_goal: phca=0.9585 vs greedy_observed=0.8838333333333334
    cumulative_reward: phca=109.43666666666667 vs greedy_observed=118.76233333333333
level3: FAIL — PHCA must beat each gated control on >=75% of scenario metrics
  geometry_dominated_frac=1.0 rbta_violation_rate_mean=0.15716666666666668
  prediction_error_mean=5.592102376302083 (secondary; not gated)
  note: PASS/FAIL under geometry-dominated action selection measures planner competence vs baselines, not prediction-primary control (D-156/D-161). RBTA violation rate is reported but not gated. See secondary_prediction for PE dual-report (not gated).
  level3: greedy_observed: 4/5 metrics (PHCA better)
    first_goal_cycle: phca=24.2 vs greedy_observed=19.5
    coverage_rate: phca=0.3586666666666667 vs greedy_observed=0.376
