rbta.estimated_bounds detail=energy=runtime×50 memory=formulaic entropy=G'_MDIM_ATTN_only_others_entropy_na
cr.orthogonality.freeze frozen=alpha unfrozen=eta correlation=1.0
cr.orthogonality.freeze frozen=T unfrozen=eta correlation=0.8560900475136494
rbta.estimated_bounds detail=energy=runtime×50 memory=formulaic entropy=G'_MDIM_ATTN_only_others_entropy_na
cr.orthogonality.freeze frozen=alpha unfrozen=eta correlation=0.9999999999999997
cr.orthogonality.freeze frozen=T unfrozen=eta correlation=0.8544953173325596
rbta.estimated_bounds detail=energy=runtime×50 memory=formulaic entropy=G'_MDIM_ATTN_only_others_entropy_na
cr.orthogonality.freeze frozen=alpha unfrozen=eta correlation=0.9999999999999997
cr.orthogonality.freeze frozen=T unfrozen=eta correlation=0.858078075239882
rbta.estimated_bounds detail=energy=runtime×50 memory=formulaic entropy=G'_MDIM_ATTN_only_others_entropy_na
cr.orthogonality.freeze frozen=alpha unfrozen=eta correlation=1.0
cr.orthogonality.freeze frozen=T unfrozen=eta correlation=0.8565771411406766
rbta.estimated_bounds detail=energy=runtime×50 memory=formulaic entropy=G'_MDIM_ATTN_only_others_entropy_na
cr.orthogonality.freeze frozen=alpha unfrozen=eta correlation=1.0
cr.orthogonality.freeze frozen=T unfrozen=eta correlation=0.869634104723446
rbta.estimated_bounds detail=energy=runtime×50 memory=formulaic entropy=G'_MDIM_ATTN_only_others_entropy_na
cr.orthogonality.freeze frozen=alpha unfrozen=eta correlation=0.9999999999999999
cr.orthogonality.freeze frozen=T unfrozen=eta correlation=0.8513300322569729
rbta.estimated_bounds detail=energy=runtime×50 memory=formulaic entropy=G'_MDIM_ATTN_only_others_entropy_na
cr.orthogonality.freeze frozen=alpha unfrozen=eta correlation=1.0
cr.orthogonality.freeze frozen=T unfrozen=eta correlation=0.8604851656490891
rbta.estimated_bounds detail=energy=runtime×50 memory=formulaic entropy=G'_MDIM_ATTN_only_others_entropy_na
cr.orthogonality.freeze frozen=alpha unfrozen=eta correlation=0.9999999999999999
cr.orthogonality.freeze frozen=T unfrozen=eta correlation=0.8710338523259626
rbta.estimated_bounds detail=energy=runtime×50 memory=formulaic entropy=G'_MDIM_ATTN_only_others_entropy_na
cr.orthogonality.freeze frozen=alpha unfrozen=eta correlation=1.0
cr.orthogonality.freeze frozen=T unfrozen=eta correlation=0.8550499637774134
rbta.estimated_bounds detail=energy=runtime×50 memory=formulaic entropy=G'_MDIM_ATTN_only_others_entropy_na
cr.orthogonality.freeze frozen=alpha unfrozen=eta correlation=1.0
cr.orthogonality.freeze frozen=T unfrozen=eta correlation=0.875184026305958
rbta.estimated_bounds detail=energy=runtime×50 memory=formulaic entropy=G'_MDIM_ATTN_only_others_entropy_na
cr.orthogonality.freeze frozen=alpha unfrozen=eta correlation=1.0
cr.orthogonality.freeze frozen=T unfrozen=eta correlation=0.8655259507680683
rbta.estimated_bounds detail=energy=runtime×50 memory=formulaic entropy=G'_MDIM_ATTN_only_others_entropy_na
cr.orthogonality.freeze frozen=alpha unfrozen=eta correlation=1.0
cr.orthogonality.freeze frozen=T unfrozen=eta correlation=0.8719680489884212
rbta.estimated_bounds detail=energy=runtime×50 memory=formulaic entropy=G'_MDIM_ATTN_only_others_entropy_na
cr.orthogonality.freeze frozen=alpha unfrozen=eta correlation=1.0
cr.orthogonality.freeze frozen=T unfrozen=eta correlation=0.8682613257398961
rbta.estimated_bounds detail=energy=runtime×50 memory=formulaic entropy=G'_MDIM_ATTN_only_others_entropy_na
cr.orthogonality.freeze frozen=alpha unfrozen=eta correlation=1.0
cr.orthogonality.freeze frozen=T unfrozen=eta correlation=0.8574322253962212
rbta.estimated_bounds detail=energy=runtime×50 memory=formulaic entropy=G'_MDIM_ATTN_only_others_entropy_na
cr.orthogonality.freeze frozen=alpha unfrozen=eta correlation=1.0
cr.orthogonality.freeze frozen=T unfrozen=eta correlation=0.8593671176964844
rbta.estimated_bounds detail=energy=runtime×50 memory=formulaic entropy=G'_MDIM_ATTN_only_others_entropy_na
cr.orthogonality.freeze frozen=alpha unfrozen=eta correlation=0.9999999999999999
cr.orthogonality.freeze frozen=T unfrozen=eta correlation=0.8649172307894564
rbta.estimated_bounds detail=energy=runtime×50 memory=formulaic entropy=G'_MDIM_ATTN_only_others_entropy_na
cr.orthogonality.freeze frozen=alpha unfrozen=eta correlation=0.9999999999999999
cr.orthogonality.freeze frozen=T unfrozen=eta correlation=0.8689207909442315
rbta.estimated_bounds detail=energy=runtime×50 memory=formulaic entropy=G'_MDIM_ATTN_only_others_entropy_na
cr.orthogonality.freeze frozen=alpha unfrozen=eta correlation=1.0
cr.orthogonality.freeze frozen=T unfrozen=eta correlation=0.8553231496348971
rbta.estimated_bounds detail=energy=runtime×50 memory=formulaic entropy=G'_MDIM_ATTN_only_others_entropy_na
cr.orthogonality.freeze frozen=alpha unfrozen=eta correlation=1.0
cr.orthogonality.freeze frozen=T unfrozen=eta correlation=0.8624263821362161
rbta.estimated_bounds detail=energy=runtime×50 memory=formulaic entropy=G'_MDIM_ATTN_only_others_entropy_na
cr.orthogonality.freeze frozen=alpha unfrozen=eta correlation=0.9999999999999999
cr.orthogonality.freeze frozen=T unfrozen=eta correlation=0.860581896155597
rbta.estimated_bounds detail=energy=runtime×50 memory=formulaic entropy=G'_MDIM_ATTN_only_others_entropy_na
cr.orthogonality.freeze frozen=alpha unfrozen=eta correlation=0.9999999999999999
cr.orthogonality.freeze frozen=T unfrozen=eta correlation=0.8540452970362515
rbta.estimated_bounds detail=energy=runtime×50 memory=formulaic entropy=G'_MDIM_ATTN_only_others_entropy_na
cr.orthogonality.freeze frozen=alpha unfrozen=eta correlation=1.0
cr.orthogonality.freeze frozen=T unfrozen=eta correlation=0.8567472050604873
rbta.estimated_bounds detail=energy=runtime×50 memory=formulaic entropy=G'_MDIM_ATTN_only_others_entropy_na
cr.orthogonality.freeze frozen=alpha unfrozen=eta correlation=1.0
cr.orthogonality.freeze frozen=T unfrozen=eta correlation=0.8614555525121302
rbta.estimated_bounds detail=energy=runtime×50 memory=formulaic entropy=G'_MDIM_ATTN_only_others_entropy_na
cr.orthogonality.freeze frozen=alpha unfrozen=eta correlation=1.0
cr.orthogonality.freeze frozen=T unfrozen=eta correlation=0.8595602514760412
rbta.estimated_bounds detail=energy=runtime×50 memory=formulaic entropy=G'_MDIM_ATTN_only_others_entropy_na
cr.orthogonality.freeze frozen=alpha unfrozen=eta correlation=1.0
cr.orthogonality.freeze frozen=T unfrozen=eta correlation=0.8554339223621029
rbta.estimated_bounds detail=energy=runtime×50 memory=formulaic entropy=G'_MDIM_ATTN_only_others_entropy_na
cr.orthogonality.freeze frozen=alpha unfrozen=eta correlation=1.0
cr.orthogonality.freeze frozen=T unfrozen=eta correlation=0.8587227957056716
rbta.estimated_bounds detail=energy=runtime×50 memory=formulaic entropy=G'_MDIM_ATTN_only_others_entropy_na
cr.orthogonality.freeze frozen=alpha unfrozen=eta correlation=1.0
cr.orthogonality.freeze frozen=T unfrozen=eta correlation=0.8652728689449916
rbta.estimated_bounds detail=energy=runtime×50 memory=formulaic entropy=G'_MDIM_ATTN_only_others_entropy_na
cr.orthogonality.freeze frozen=alpha unfrozen=eta correlation=1.0
cr.orthogonality.freeze frozen=T unfrozen=eta correlation=0.8633895997528374
rbta.estimated_bounds detail=energy=runtime×50 memory=formulaic entropy=G'_MDIM_ATTN_only_others_entropy_na
cr.orthogonality.freeze frozen=alpha unfrozen=eta correlation=1.0
cr.orthogonality.freeze frozen=T unfrozen=eta correlation=0.8604835886654251
rbta.estimated_bounds detail=energy=runtime×50 memory=formulaic entropy=G'_MDIM_ATTN_only_others_entropy_na
cr.orthogonality.freeze frozen=alpha unfrozen=eta correlation=1.0
cr.orthogonality.freeze frozen=T unfrozen=eta correlation=0.862225921166266
rbta.estimated_bounds detail=energy=runtime×50 memory=formulaic entropy=G'_MDIM_ATTN_only_others_entropy_na
cr.orthogonality.freeze frozen=alpha unfrozen=eta correlation=1.0
cr.orthogonality.freeze frozen=T unfrozen=eta correlation=0.858348568652152
rbta.estimated_bounds detail=energy=runtime×50 memory=formulaic entropy=G'_MDIM_ATTN_only_others_entropy_na
cr.orthogonality.freeze frozen=alpha unfrozen=eta correlation=1.0
cr.orthogonality.freeze frozen=T unfrozen=eta correlation=0.8544627762116899
rbta.estimated_bounds detail=energy=runtime×50 memory=formulaic entropy=G'_MDIM_ATTN_only_others_entropy_na
cr.orthogonality.freeze frozen=alpha unfrozen=eta correlation=1.0
cr.orthogonality.freeze frozen=T unfrozen=eta correlation=0.863783729149617
rbta.estimated_bounds detail=energy=runtime×50 memory=formulaic entropy=G'_MDIM_ATTN_only_others_entropy_na
cr.orthogonality.freeze frozen=alpha unfrozen=eta correlation=1.0
cr.orthogonality.freeze frozen=T unfrozen=eta correlation=0.8545160792032807
rbta.estimated_bounds detail=energy=runtime×50 memory=formulaic entropy=G'_MDIM_ATTN_only_others_entropy_na
cr.orthogonality.freeze frozen=alpha unfrozen=eta correlation=1.0
cr.orthogonality.freeze frozen=T unfrozen=eta correlation=0.8669983828271952
rbta.estimated_bounds detail=energy=runtime×50 memory=formulaic entropy=G'_MDIM_ATTN_only_others_entropy_na
cr.orthogonality.freeze frozen=alpha unfrozen=eta correlation=0.9999999999999997
cr.orthogonality.freeze frozen=T unfrozen=eta correlation=0.8522719229176984
rbta.estimated_bounds detail=energy=runtime×50 memory=formulaic entropy=G'_MDIM_ATTN_only_others_entropy_na
cr.orthogonality.freeze frozen=alpha unfrozen=eta correlation=1.0
cr.orthogonality.freeze frozen=T unfrozen=eta correlation=0.8574634031817941
rbta.estimated_bounds detail=energy=runtime×50 memory=formulaic entropy=G'_MDIM_ATTN_only_others_entropy_na
cr.orthogonality.freeze frozen=alpha unfrozen=eta correlation=0.9999999999999999
cr.orthogonality.freeze frozen=T unfrozen=eta correlation=0.8697910273466146
rbta.estimated_bounds detail=energy=runtime×50 memory=formulaic entropy=G'_MDIM_ATTN_only_others_entropy_na
cr.orthogonality.freeze frozen=alpha unfrozen=eta correlation=0.9999999999999997
cr.orthogonality.freeze frozen=T unfrozen=eta correlation=0.8592580524729662
rbta.estimated_bounds detail=energy=runtime×50 memory=formulaic entropy=G'_MDIM_ATTN_only_others_entropy_na
cr.orthogonality.freeze frozen=alpha unfrozen=eta correlation=0.9999999999999999
cr.orthogonality.freeze frozen=T unfrozen=eta correlation=0.8757789446394204
rbta.estimated_bounds detail=energy=runtime×50 memory=formulaic entropy=G'_MDIM_ATTN_only_others_entropy_na
cr.orthogonality.freeze frozen=alpha unfrozen=eta correlation=1.0
cr.orthogonality.freeze frozen=T unfrozen=eta correlation=0.868521805997457
rbta.estimated_bounds detail=energy=runtime×50 memory=formulaic entropy=G'_MDIM_ATTN_only_others_entropy_na
cr.orthogonality.freeze frozen=alpha unfrozen=eta correlation=1.0
cr.orthogonality.freeze frozen=T unfrozen=eta correlation=0.865873392982847
rbta.estimated_bounds detail=energy=runtime×50 memory=formulaic entropy=G'_MDIM_ATTN_only_others_entropy_na
cr.orthogonality.freeze frozen=alpha unfrozen=eta correlation=1.0
cr.orthogonality.freeze frozen=T unfrozen=eta correlation=0.8695819517305159
rbta.estimated_bounds detail=energy=runtime×50 memory=formulaic entropy=G'_MDIM_ATTN_only_others_entropy_na
cr.orthogonality.freeze frozen=alpha unfrozen=eta correlation=1.0
cr.orthogonality.freeze frozen=T unfrozen=eta correlation=0.8605210369721876
rbta.estimated_bounds detail=energy=runtime×50 memory=formulaic entropy=G'_MDIM_ATTN_only_others_entropy_na
cr.orthogonality.freeze frozen=alpha unfrozen=eta correlation=1.0
cr.orthogonality.freeze frozen=T unfrozen=eta correlation=0.8618441320641584
rbta.estimated_bounds detail=energy=runtime×50 memory=formulaic entropy=G'_MDIM_ATTN_only_others_entropy_na
cr.orthogonality.freeze frozen=alpha unfrozen=eta correlation=1.0
cr.orthogonality.freeze frozen=T unfrozen=eta correlation=0.8704292223872502
rbta.estimated_bounds detail=energy=runtime×50 memory=formulaic entropy=G'_MDIM_ATTN_only_others_entropy_na
cr.orthogonality.freeze frozen=alpha unfrozen=eta correlation=1.0
cr.orthogonality.freeze frozen=T unfrozen=eta correlation=0.8703854439419296
rbta.estimated_bounds detail=energy=runtime×50 memory=formulaic entropy=G'_MDIM_ATTN_only_others_entropy_na
cr.orthogonality.freeze frozen=alpha unfrozen=eta correlation=0.9999999999999999
cr.orthogonality.freeze frozen=T unfrozen=eta correlation=0.8539623092077276
rbta.estimated_bounds detail=energy=runtime×50 memory=formulaic entropy=G'_MDIM_ATTN_only_others_entropy_na
cr.orthogonality.freeze frozen=alpha unfrozen=eta correlation=1.0
cr.orthogonality.freeze frozen=T unfrozen=eta correlation=0.8602433946772096
rbta.estimated_bounds detail=energy=runtime×50 memory=formulaic entropy=G'_MDIM_ATTN_only_others_entropy_na
cr.orthogonality.freeze frozen=alpha unfrozen=eta correlation=1.0
cr.orthogonality.freeze frozen=T unfrozen=eta correlation=0.8599906793403562
rbta.estimated_bounds detail=energy=runtime×50 memory=formulaic entropy=G'_MDIM_ATTN_only_others_entropy_na
cr.orthogonality.freeze frozen=alpha unfrozen=eta correlation=1.0
cr.orthogonality.freeze frozen=T unfrozen=eta correlation=0.86009152077865
rbta.estimated_bounds detail=energy=runtime×50 memory=formulaic entropy=G'_MDIM_ATTN_only_others_entropy_na
cr.orthogonality.freeze frozen=alpha unfrozen=eta correlation=1.0
cr.orthogonality.freeze frozen=T unfrozen=eta correlation=0.8490066521248981
rbta.estimated_bounds detail=energy=runtime×50 memory=formulaic entropy=G'_MDIM_ATTN_only_others_entropy_na
cr.orthogonality.freeze frozen=alpha unfrozen=eta correlation=1.0
cr.orthogonality.freeze frozen=T unfrozen=eta correlation=0.8658231897188452
rbta.estimated_bounds detail=energy=runtime×50 memory=formulaic entropy=G'_MDIM_ATTN_only_others_entropy_na
cr.orthogonality.freeze frozen=alpha unfrozen=eta correlation=1.0
cr.orthogonality.freeze frozen=T unfrozen=eta correlation=0.8629406309300028
rbta.estimated_bounds detail=energy=runtime×50 memory=formulaic entropy=G'_MDIM_ATTN_only_others_entropy_na
cr.orthogonality.freeze frozen=alpha unfrozen=eta correlation=1.0
cr.orthogonality.freeze frozen=T unfrozen=eta correlation=0.857411859193089
rbta.estimated_bounds detail=energy=runtime×50 memory=formulaic entropy=G'_MDIM_ATTN_only_others_entropy_na
cr.orthogonality.freeze frozen=alpha unfrozen=eta correlation=0.9999999999999997
cr.orthogonality.freeze frozen=T unfrozen=eta correlation=0.860707993988055
rbta.estimated_bounds detail=energy=runtime×50 memory=formulaic entropy=G'_MDIM_ATTN_only_others_entropy_na
cr.orthogonality.freeze frozen=alpha unfrozen=eta correlation=1.0
cr.orthogonality.freeze frozen=T unfrozen=eta correlation=0.8664674168666407
rbta.estimated_bounds detail=energy=runtime×50 memory=formulaic entropy=G'_MDIM_ATTN_only_others_entropy_na
cr.orthogonality.freeze frozen=alpha unfrozen=eta correlation=0.9999999999999999
cr.orthogonality.freeze frozen=T unfrozen=eta correlation=0.8668942487827876
rbta.estimated_bounds detail=energy=runtime×50 memory=formulaic entropy=G'_MDIM_ATTN_only_others_entropy_na
cr.orthogonality.freeze frozen=alpha unfrozen=eta correlation=1.0
cr.orthogonality.freeze frozen=T unfrozen=eta correlation=0.8654453279073698
rbta.estimated_bounds detail=energy=runtime×50 memory=formulaic entropy=G'_MDIM_ATTN_only_others_entropy_na
cr.orthogonality.freeze frozen=alpha unfrozen=eta correlation=1.0
cr.orthogonality.freeze frozen=T unfrozen=eta correlation=0.8586835176513816
Wrote logs/overnight_20260802_103502/causal_10x10_l2l3_geometry.json
Action selection: pure_geometry_default
level2: PASS — PHCA must beat each gated control on >=75% of scenario metrics
  geometry_dominated_frac=1.0 rbta_violation_rate_mean=0.4605
  prediction_error_mean=5.113924782673518 (secondary; not gated)
  note: PASS/FAIL under geometry-dominated action selection measures planner competence vs baselines, not prediction-primary control (D-156/D-161). RBTA violation rate is reported but not gated. See secondary_prediction for PE dual-report (not gated).
level3: FAIL — PHCA must beat each gated control on >=75% of scenario metrics
  geometry_dominated_frac=1.0 rbta_violation_rate_mean=0.632
  prediction_error_mean=8.18464894292752 (secondary; not gated)
  note: PASS/FAIL under geometry-dominated action selection measures planner competence vs baselines, not prediction-primary control (D-156/D-161). RBTA violation rate is reported but not gated. See secondary_prediction for PE dual-report (not gated).
  level3: greedy_observed: 3/5 metrics (PHCA better)
    goal_rate: phca=0.1305 vs greedy_observed=0.1365
    mean_distance_to_goal: phca=3.3455 vs greedy_observed=3.3241666666666667
    cumulative_reward: phca=24.361 vs greedy_observed=25.573
