rbta.estimated_bounds detail=energy=runtime×50 memory=formulaic entropy=G'_MDIM_ATTN_only_others_entropy_na
cr.orthogonality.freeze frozen=alpha unfrozen=eta correlation=1.0
cr.orthogonality.freeze frozen=T unfrozen=eta correlation=0.8521582841154784
rbta.estimated_bounds detail=energy=runtime×50 memory=formulaic entropy=G'_MDIM_ATTN_only_others_entropy_na
cr.orthogonality.freeze frozen=alpha unfrozen=eta correlation=1.0
cr.orthogonality.freeze frozen=T unfrozen=eta correlation=0.8635369342188497
rbta.estimated_bounds detail=energy=runtime×50 memory=formulaic entropy=G'_MDIM_ATTN_only_others_entropy_na
cr.orthogonality.freeze frozen=alpha unfrozen=eta correlation=1.0
cr.orthogonality.freeze frozen=T unfrozen=eta correlation=0.866327459071962
rbta.estimated_bounds detail=energy=runtime×50 memory=formulaic entropy=G'_MDIM_ATTN_only_others_entropy_na
cr.orthogonality.freeze frozen=alpha unfrozen=eta correlation=1.0
cr.orthogonality.freeze frozen=T unfrozen=eta correlation=0.861760622483587
rbta.estimated_bounds detail=energy=runtime×50 memory=formulaic entropy=G'_MDIM_ATTN_only_others_entropy_na
cr.orthogonality.freeze frozen=alpha unfrozen=eta correlation=0.9999999999999999
cr.orthogonality.freeze frozen=T unfrozen=eta correlation=0.8475010942096532
rbta.estimated_bounds detail=energy=runtime×50 memory=formulaic entropy=G'_MDIM_ATTN_only_others_entropy_na
cr.orthogonality.freeze frozen=alpha unfrozen=eta correlation=0.9999999999999999
cr.orthogonality.freeze frozen=T unfrozen=eta correlation=0.8368923991787144
rbta.estimated_bounds detail=energy=runtime×50 memory=formulaic entropy=G'_MDIM_ATTN_only_others_entropy_na
cr.orthogonality.freeze frozen=alpha unfrozen=eta correlation=1.0
cr.orthogonality.freeze frozen=T unfrozen=eta correlation=0.844092248976831
rbta.estimated_bounds detail=energy=runtime×50 memory=formulaic entropy=G'_MDIM_ATTN_only_others_entropy_na
cr.orthogonality.freeze frozen=alpha unfrozen=eta correlation=1.0
cr.orthogonality.freeze frozen=T unfrozen=eta correlation=0.81587045269173
rbta.estimated_bounds detail=energy=runtime×50 memory=formulaic entropy=G'_MDIM_ATTN_only_others_entropy_na
cr.orthogonality.freeze frozen=alpha unfrozen=eta correlation=1.0
cr.orthogonality.freeze frozen=T unfrozen=eta correlation=0.8725608784250944
rbta.estimated_bounds detail=energy=runtime×50 memory=formulaic entropy=G'_MDIM_ATTN_only_others_entropy_na
cr.orthogonality.freeze frozen=alpha unfrozen=eta correlation=0.9999999999999999
cr.orthogonality.freeze frozen=T unfrozen=eta correlation=0.8270394246450975
rbta.estimated_bounds detail=energy=runtime×50 memory=formulaic entropy=G'_MDIM_ATTN_only_others_entropy_na
cr.orthogonality.freeze frozen=alpha unfrozen=eta correlation=1.0
cr.orthogonality.freeze frozen=T unfrozen=eta correlation=0.8736330433279375
rbta.estimated_bounds detail=energy=runtime×50 memory=formulaic entropy=G'_MDIM_ATTN_only_others_entropy_na
cr.orthogonality.freeze frozen=alpha unfrozen=eta correlation=0.9999999999999997
rbta.estimated_bounds detail=energy=runtime×50 memory=formulaic entropy=G'_MDIM_ATTN_only_others_entropy_na
cr.orthogonality.freeze frozen=alpha unfrozen=eta correlation=1.0
cr.orthogonality.freeze frozen=T unfrozen=eta correlation=0.8525078111067006
rbta.estimated_bounds detail=energy=runtime×50 memory=formulaic entropy=G'_MDIM_ATTN_only_others_entropy_na
cr.orthogonality.freeze frozen=alpha unfrozen=eta correlation=0.9999999999999999
cr.orthogonality.freeze frozen=T unfrozen=eta correlation=0.8734122132351304
rbta.estimated_bounds detail=energy=runtime×50 memory=formulaic entropy=G'_MDIM_ATTN_only_others_entropy_na
cr.orthogonality.freeze frozen=alpha unfrozen=eta correlation=1.0
cr.orthogonality.freeze frozen=T unfrozen=eta correlation=0.8075200235786533
rbta.estimated_bounds detail=energy=runtime×50 memory=formulaic entropy=G'_MDIM_ATTN_only_others_entropy_na
cr.orthogonality.freeze frozen=alpha unfrozen=eta correlation=1.0
cr.orthogonality.freeze frozen=T unfrozen=eta correlation=0.8338816180751625
rbta.estimated_bounds detail=energy=runtime×50 memory=formulaic entropy=G'_MDIM_ATTN_only_others_entropy_na
cr.orthogonality.freeze frozen=alpha unfrozen=eta correlation=1.0
cr.orthogonality.freeze frozen=T unfrozen=eta correlation=0.8080726599627969
rbta.estimated_bounds detail=energy=runtime×50 memory=formulaic entropy=G'_MDIM_ATTN_only_others_entropy_na
cr.orthogonality.freeze frozen=alpha unfrozen=eta correlation=1.0
cr.orthogonality.freeze frozen=T unfrozen=eta correlation=0.8595048204038147
rbta.estimated_bounds detail=energy=runtime×50 memory=formulaic entropy=G'_MDIM_ATTN_only_others_entropy_na
cr.orthogonality.freeze frozen=alpha unfrozen=eta correlation=0.9999999999999997
cr.orthogonality.freeze frozen=T unfrozen=eta correlation=0.872800947964519
rbta.estimated_bounds detail=energy=runtime×50 memory=formulaic entropy=G'_MDIM_ATTN_only_others_entropy_na
cr.orthogonality.freeze frozen=alpha unfrozen=eta correlation=1.0
cr.orthogonality.freeze frozen=T unfrozen=eta correlation=0.8418512328085894
rbta.estimated_bounds detail=energy=runtime×50 memory=formulaic entropy=G'_MDIM_ATTN_only_others_entropy_na
cr.orthogonality.freeze frozen=alpha unfrozen=eta correlation=1.0
cr.orthogonality.freeze frozen=T unfrozen=eta correlation=0.8752603924282462
rbta.estimated_bounds detail=energy=runtime×50 memory=formulaic entropy=G'_MDIM_ATTN_only_others_entropy_na
cr.orthogonality.freeze frozen=alpha unfrozen=eta correlation=0.9999999999999999
cr.orthogonality.freeze frozen=T unfrozen=eta correlation=0.8584046632514953
rbta.estimated_bounds detail=energy=runtime×50 memory=formulaic entropy=G'_MDIM_ATTN_only_others_entropy_na
cr.orthogonality.freeze frozen=alpha unfrozen=eta correlation=1.0
cr.orthogonality.freeze frozen=T unfrozen=eta correlation=0.8213992972831605
rbta.estimated_bounds detail=energy=runtime×50 memory=formulaic entropy=G'_MDIM_ATTN_only_others_entropy_na
cr.orthogonality.freeze frozen=alpha unfrozen=eta correlation=1.0
cr.orthogonality.freeze frozen=T unfrozen=eta correlation=0.8611126881131195
rbta.estimated_bounds detail=energy=runtime×50 memory=formulaic entropy=G'_MDIM_ATTN_only_others_entropy_na
cr.orthogonality.freeze frozen=alpha unfrozen=eta correlation=1.0
cr.orthogonality.freeze frozen=T unfrozen=eta correlation=0.8523837455036887
rbta.estimated_bounds detail=energy=runtime×50 memory=formulaic entropy=G'_MDIM_ATTN_only_others_entropy_na
cr.orthogonality.freeze frozen=alpha unfrozen=eta correlation=1.0
cr.orthogonality.freeze frozen=T unfrozen=eta correlation=0.8473527046471291
rbta.estimated_bounds detail=energy=runtime×50 memory=formulaic entropy=G'_MDIM_ATTN_only_others_entropy_na
cr.orthogonality.freeze frozen=alpha unfrozen=eta correlation=1.0
cr.orthogonality.freeze frozen=T unfrozen=eta correlation=0.8686098643297734
rbta.estimated_bounds detail=energy=runtime×50 memory=formulaic entropy=G'_MDIM_ATTN_only_others_entropy_na
cr.orthogonality.freeze frozen=alpha unfrozen=eta correlation=0.9999999999999999
cr.orthogonality.freeze frozen=T unfrozen=eta correlation=0.8470079783478979
rbta.estimated_bounds detail=energy=runtime×50 memory=formulaic entropy=G'_MDIM_ATTN_only_others_entropy_na
cr.orthogonality.freeze frozen=alpha unfrozen=eta correlation=1.0
cr.orthogonality.freeze frozen=T unfrozen=eta correlation=0.8570627194946594
rbta.estimated_bounds detail=energy=runtime×50 memory=formulaic entropy=G'_MDIM_ATTN_only_others_entropy_na
cr.orthogonality.freeze frozen=alpha unfrozen=eta correlation=1.0
cr.orthogonality.freeze frozen=T unfrozen=eta correlation=0.8592487029176624
Wrote logs/overnight_20260802_103502/causal_5x5_l2_blended.json
Action selection: blended_opt_in
Gate: FAIL — PHCA must beat each gated control on >=75% of scenario metrics
  geometry_dominated_frac=1.0 rbta_violation_rate_mean=0.038
  prediction_error_mean=3.8949513683517774 (secondary; not gated)
  note: PASS/FAIL under geometry-dominated action selection measures planner competence vs baselines, not prediction-primary control (D-156/D-161). RBTA violation rate is reported but not gated. See secondary_prediction for PE dual-report (not gated).
  greedy_observed: 0/3 metrics (PHCA better)
    goal_rate: phca=0.4578333333333333 vs greedy_observed=0.5978333333333333
    mean_distance_to_goal: phca=1.1786666666666668 vs greedy_observed=0.8838333333333334
    cumulative_reward: phca=90.48233333333333 vs greedy_observed=118.76233333333333
