rbta.estimated_bounds detail=energy=runtime×50 memory=formulaic entropy=G'_MDIM_ATTN_only_others_entropy_na
cr.orthogonality.freeze frozen=alpha unfrozen=eta correlation=1.0
cr.orthogonality.freeze frozen=T unfrozen=eta correlation=0.856482100977432
rbta.estimated_bounds detail=energy=runtime×50 memory=formulaic entropy=G'_MDIM_ATTN_only_others_entropy_na
cr.orthogonality.freeze frozen=alpha unfrozen=eta correlation=1.0
cr.orthogonality.freeze frozen=T unfrozen=eta correlation=0.8565312589472039
rbta.estimated_bounds detail=energy=runtime×50 memory=formulaic entropy=G'_MDIM_ATTN_only_others_entropy_na
cr.orthogonality.freeze frozen=alpha unfrozen=eta correlation=1.0
cr.orthogonality.freeze frozen=T unfrozen=eta correlation=0.8513409154317416
rbta.estimated_bounds detail=energy=runtime×50 memory=formulaic entropy=G'_MDIM_ATTN_only_others_entropy_na
cr.orthogonality.freeze frozen=alpha unfrozen=eta correlation=1.0
cr.orthogonality.freeze frozen=T unfrozen=eta correlation=0.8646326891643437
rbta.estimated_bounds detail=energy=runtime×50 memory=formulaic entropy=G'_MDIM_ATTN_only_others_entropy_na
cr.orthogonality.freeze frozen=alpha unfrozen=eta correlation=0.9999999999999999
cr.orthogonality.freeze frozen=T unfrozen=eta correlation=0.8521508425411479
rbta.estimated_bounds detail=energy=runtime×50 memory=formulaic entropy=G'_MDIM_ATTN_only_others_entropy_na
cr.orthogonality.freeze frozen=alpha unfrozen=eta correlation=0.9999999999999999
cr.orthogonality.freeze frozen=T unfrozen=eta correlation=0.847351737690363
rbta.estimated_bounds detail=energy=runtime×50 memory=formulaic entropy=G'_MDIM_ATTN_only_others_entropy_na
cr.orthogonality.freeze frozen=alpha unfrozen=eta correlation=1.0
cr.orthogonality.freeze frozen=T unfrozen=eta correlation=0.8603490138073823
rbta.estimated_bounds detail=energy=runtime×50 memory=formulaic entropy=G'_MDIM_ATTN_only_others_entropy_na
cr.orthogonality.freeze frozen=alpha unfrozen=eta correlation=1.0
cr.orthogonality.freeze frozen=T unfrozen=eta correlation=0.8307431389010362
rbta.estimated_bounds detail=energy=runtime×50 memory=formulaic entropy=G'_MDIM_ATTN_only_others_entropy_na
cr.orthogonality.freeze frozen=alpha unfrozen=eta correlation=1.0
cr.orthogonality.freeze frozen=T unfrozen=eta correlation=0.874673081336642
rbta.estimated_bounds detail=energy=runtime×50 memory=formulaic entropy=G'_MDIM_ATTN_only_others_entropy_na
cr.orthogonality.freeze frozen=alpha unfrozen=eta correlation=0.9999999999999999
cr.orthogonality.freeze frozen=T unfrozen=eta correlation=0.8262717900833165
rbta.estimated_bounds detail=energy=runtime×50 memory=formulaic entropy=G'_MDIM_ATTN_only_others_entropy_na
cr.orthogonality.freeze frozen=alpha unfrozen=eta correlation=1.0
cr.orthogonality.freeze frozen=T unfrozen=eta correlation=0.8911335988296945
rbta.estimated_bounds detail=energy=runtime×50 memory=formulaic entropy=G'_MDIM_ATTN_only_others_entropy_na
cr.orthogonality.freeze frozen=alpha unfrozen=eta correlation=0.9999999999999997
rbta.estimated_bounds detail=energy=runtime×50 memory=formulaic entropy=G'_MDIM_ATTN_only_others_entropy_na
cr.orthogonality.freeze frozen=alpha unfrozen=eta correlation=1.0
cr.orthogonality.freeze frozen=T unfrozen=eta correlation=0.8560693259616619
rbta.estimated_bounds detail=energy=runtime×50 memory=formulaic entropy=G'_MDIM_ATTN_only_others_entropy_na
cr.orthogonality.freeze frozen=alpha unfrozen=eta correlation=0.9999999999999999
cr.orthogonality.freeze frozen=T unfrozen=eta correlation=0.8756339768740656
rbta.estimated_bounds detail=energy=runtime×50 memory=formulaic entropy=G'_MDIM_ATTN_only_others_entropy_na
cr.orthogonality.freeze frozen=alpha unfrozen=eta correlation=1.0
cr.orthogonality.freeze frozen=T unfrozen=eta correlation=0.838173632750184
rbta.estimated_bounds detail=energy=runtime×50 memory=formulaic entropy=G'_MDIM_ATTN_only_others_entropy_na
cr.orthogonality.freeze frozen=alpha unfrozen=eta correlation=1.0
cr.orthogonality.freeze frozen=T unfrozen=eta correlation=0.8434437009597046
rbta.estimated_bounds detail=energy=runtime×50 memory=formulaic entropy=G'_MDIM_ATTN_only_others_entropy_na
cr.orthogonality.freeze frozen=alpha unfrozen=eta correlation=1.0
cr.orthogonality.freeze frozen=T unfrozen=eta correlation=0.8509239733653188
rbta.estimated_bounds detail=energy=runtime×50 memory=formulaic entropy=G'_MDIM_ATTN_only_others_entropy_na
cr.orthogonality.freeze frozen=alpha unfrozen=eta correlation=1.0
cr.orthogonality.freeze frozen=T unfrozen=eta correlation=0.8532195034837307
rbta.estimated_bounds detail=energy=runtime×50 memory=formulaic entropy=G'_MDIM_ATTN_only_others_entropy_na
cr.orthogonality.freeze frozen=alpha unfrozen=eta correlation=0.9999999999999997
cr.orthogonality.freeze frozen=T unfrozen=eta correlation=0.8687585795737861
rbta.estimated_bounds detail=energy=runtime×50 memory=formulaic entropy=G'_MDIM_ATTN_only_others_entropy_na
cr.orthogonality.freeze frozen=alpha unfrozen=eta correlation=1.0
cr.orthogonality.freeze frozen=T unfrozen=eta correlation=0.852641929044434
rbta.estimated_bounds detail=energy=runtime×50 memory=formulaic entropy=G'_MDIM_ATTN_only_others_entropy_na
cr.orthogonality.freeze frozen=alpha unfrozen=eta correlation=1.0
cr.orthogonality.freeze frozen=T unfrozen=eta correlation=0.8713303585215897
rbta.estimated_bounds detail=energy=runtime×50 memory=formulaic entropy=G'_MDIM_ATTN_only_others_entropy_na
cr.orthogonality.freeze frozen=alpha unfrozen=eta correlation=0.9999999999999999
cr.orthogonality.freeze frozen=T unfrozen=eta correlation=0.8523851773836278
rbta.estimated_bounds detail=energy=runtime×50 memory=formulaic entropy=G'_MDIM_ATTN_only_others_entropy_na
cr.orthogonality.freeze frozen=alpha unfrozen=eta correlation=1.0
cr.orthogonality.freeze frozen=T unfrozen=eta correlation=0.8357105895911462
rbta.estimated_bounds detail=energy=runtime×50 memory=formulaic entropy=G'_MDIM_ATTN_only_others_entropy_na
cr.orthogonality.freeze frozen=alpha unfrozen=eta correlation=1.0
cr.orthogonality.freeze frozen=T unfrozen=eta correlation=0.8623872266619685
rbta.estimated_bounds detail=energy=runtime×50 memory=formulaic entropy=G'_MDIM_ATTN_only_others_entropy_na
cr.orthogonality.freeze frozen=alpha unfrozen=eta correlation=1.0
cr.orthogonality.freeze frozen=T unfrozen=eta correlation=0.850664574080393
rbta.estimated_bounds detail=energy=runtime×50 memory=formulaic entropy=G'_MDIM_ATTN_only_others_entropy_na
cr.orthogonality.freeze frozen=alpha unfrozen=eta correlation=1.0
cr.orthogonality.freeze frozen=T unfrozen=eta correlation=0.8553115028422468
rbta.estimated_bounds detail=energy=runtime×50 memory=formulaic entropy=G'_MDIM_ATTN_only_others_entropy_na
cr.orthogonality.freeze frozen=alpha unfrozen=eta correlation=1.0
cr.orthogonality.freeze frozen=T unfrozen=eta correlation=0.8642304978376442
rbta.estimated_bounds detail=energy=runtime×50 memory=formulaic entropy=G'_MDIM_ATTN_only_others_entropy_na
cr.orthogonality.freeze frozen=alpha unfrozen=eta correlation=0.9999999999999999
cr.orthogonality.freeze frozen=T unfrozen=eta correlation=0.8460839043941802
rbta.estimated_bounds detail=energy=runtime×50 memory=formulaic entropy=G'_MDIM_ATTN_only_others_entropy_na
cr.orthogonality.freeze frozen=alpha unfrozen=eta correlation=1.0
cr.orthogonality.freeze frozen=T unfrozen=eta correlation=0.8638645082013853
rbta.estimated_bounds detail=energy=runtime×50 memory=formulaic entropy=G'_MDIM_ATTN_only_others_entropy_na
cr.orthogonality.freeze frozen=alpha unfrozen=eta correlation=1.0
cr.orthogonality.freeze frozen=T unfrozen=eta correlation=0.8727446659272627
rbta.estimated_bounds detail=energy=runtime×50 memory=formulaic entropy=G'_MDIM_ATTN_only_others_entropy_na
rbta.estimated_bounds detail=energy=runtime×50 memory=formulaic entropy=G'_MDIM_ATTN_only_others_entropy_na
rbta.estimated_bounds detail=energy=runtime×50 memory=formulaic entropy=G'_MDIM_ATTN_only_others_entropy_na
rbta.estimated_bounds detail=energy=runtime×50 memory=formulaic entropy=G'_MDIM_ATTN_only_others_entropy_na
rbta.estimated_bounds detail=energy=runtime×50 memory=formulaic entropy=G'_MDIM_ATTN_only_others_entropy_na
rbta.estimated_bounds detail=energy=runtime×50 memory=formulaic entropy=G'_MDIM_ATTN_only_others_entropy_na
rbta.estimated_bounds detail=energy=runtime×50 memory=formulaic entropy=G'_MDIM_ATTN_only_others_entropy_na
rbta.estimated_bounds detail=energy=runtime×50 memory=formulaic entropy=G'_MDIM_ATTN_only_others_entropy_na
rbta.estimated_bounds detail=energy=runtime×50 memory=formulaic entropy=G'_MDIM_ATTN_only_others_entropy_na
rbta.estimated_bounds detail=energy=runtime×50 memory=formulaic entropy=G'_MDIM_ATTN_only_others_entropy_na
rbta.estimated_bounds detail=energy=runtime×50 memory=formulaic entropy=G'_MDIM_ATTN_only_others_entropy_na
rbta.estimated_bounds detail=energy=runtime×50 memory=formulaic entropy=G'_MDIM_ATTN_only_others_entropy_na
rbta.estimated_bounds detail=energy=runtime×50 memory=formulaic entropy=G'_MDIM_ATTN_only_others_entropy_na
rbta.estimated_bounds detail=energy=runtime×50 memory=formulaic entropy=G'_MDIM_ATTN_only_others_entropy_na
rbta.estimated_bounds detail=energy=runtime×50 memory=formulaic entropy=G'_MDIM_ATTN_only_others_entropy_na
rbta.estimated_bounds detail=energy=runtime×50 memory=formulaic entropy=G'_MDIM_ATTN_only_others_entropy_na
rbta.estimated_bounds detail=energy=runtime×50 memory=formulaic entropy=G'_MDIM_ATTN_only_others_entropy_na
rbta.estimated_bounds detail=energy=runtime×50 memory=formulaic entropy=G'_MDIM_ATTN_only_others_entropy_na
rbta.estimated_bounds detail=energy=runtime×50 memory=formulaic entropy=G'_MDIM_ATTN_only_others_entropy_na
rbta.estimated_bounds detail=energy=runtime×50 memory=formulaic entropy=G'_MDIM_ATTN_only_others_entropy_na
rbta.estimated_bounds detail=energy=runtime×50 memory=formulaic entropy=G'_MDIM_ATTN_only_others_entropy_na
rbta.estimated_bounds detail=energy=runtime×50 memory=formulaic entropy=G'_MDIM_ATTN_only_others_entropy_na
rbta.estimated_bounds detail=energy=runtime×50 memory=formulaic entropy=G'_MDIM_ATTN_only_others_entropy_na
rbta.estimated_bounds detail=energy=runtime×50 memory=formulaic entropy=G'_MDIM_ATTN_only_others_entropy_na
rbta.estimated_bounds detail=energy=runtime×50 memory=formulaic entropy=G'_MDIM_ATTN_only_others_entropy_na
rbta.estimated_bounds detail=energy=runtime×50 memory=formulaic entropy=G'_MDIM_ATTN_only_others_entropy_na
rbta.estimated_bounds detail=energy=runtime×50 memory=formulaic entropy=G'_MDIM_ATTN_only_others_entropy_na
rbta.estimated_bounds detail=energy=runtime×50 memory=formulaic entropy=G'_MDIM_ATTN_only_others_entropy_na
rbta.estimated_bounds detail=energy=runtime×50 memory=formulaic entropy=G'_MDIM_ATTN_only_others_entropy_na
rbta.estimated_bounds detail=energy=runtime×50 memory=formulaic entropy=G'_MDIM_ATTN_only_others_entropy_na
rbta.estimated_bounds detail=energy=runtime×50 memory=formulaic entropy=G'_MDIM_ATTN_only_others_entropy_na
cr.orthogonality.freeze frozen=alpha unfrozen=eta correlation=1.0
cr.orthogonality.freeze frozen=T unfrozen=eta correlation=0.8651350902314967
rbta.estimated_bounds detail=energy=runtime×50 memory=formulaic entropy=G'_MDIM_ATTN_only_others_entropy_na
cr.orthogonality.freeze frozen=alpha unfrozen=eta correlation=1.0
cr.orthogonality.freeze frozen=T unfrozen=eta correlation=0.8832183068651287
rbta.estimated_bounds detail=energy=runtime×50 memory=formulaic entropy=G'_MDIM_ATTN_only_others_entropy_na
cr.orthogonality.freeze frozen=alpha unfrozen=eta correlation=1.0
cr.orthogonality.freeze frozen=T unfrozen=eta correlation=0.8267073587048357
rbta.estimated_bounds detail=energy=runtime×50 memory=formulaic entropy=G'_MDIM_ATTN_only_others_entropy_na
cr.orthogonality.freeze frozen=alpha unfrozen=eta correlation=1.0
cr.orthogonality.freeze frozen=T unfrozen=eta correlation=0.8667671895874656
rbta.estimated_bounds detail=energy=runtime×50 memory=formulaic entropy=G'_MDIM_ATTN_only_others_entropy_na
cr.orthogonality.freeze frozen=alpha unfrozen=eta correlation=0.9999999999999997
cr.orthogonality.freeze frozen=T unfrozen=eta correlation=0.8511057766365268
rbta.estimated_bounds detail=energy=runtime×50 memory=formulaic entropy=G'_MDIM_ATTN_only_others_entropy_na
cr.orthogonality.freeze frozen=alpha unfrozen=eta correlation=1.0
rbta.estimated_bounds detail=energy=runtime×50 memory=formulaic entropy=G'_MDIM_ATTN_only_others_entropy_na
cr.orthogonality.freeze frozen=alpha unfrozen=eta correlation=1.0
cr.orthogonality.freeze frozen=T unfrozen=eta correlation=0.8667270621765991
rbta.estimated_bounds detail=energy=runtime×50 memory=formulaic entropy=G'_MDIM_ATTN_only_others_entropy_na
cr.orthogonality.freeze frozen=alpha unfrozen=eta correlation=1.0
cr.orthogonality.freeze frozen=T unfrozen=eta correlation=0.8743167640659025
rbta.estimated_bounds detail=energy=runtime×50 memory=formulaic entropy=G'_MDIM_ATTN_only_others_entropy_na
cr.orthogonality.freeze frozen=alpha unfrozen=eta correlation=1.0
rbta.estimated_bounds detail=energy=runtime×50 memory=formulaic entropy=G'_MDIM_ATTN_only_others_entropy_na
cr.orthogonality.freeze frozen=alpha unfrozen=eta correlation=1.0
cr.orthogonality.freeze frozen=T unfrozen=eta correlation=0.8343451419741342
rbta.estimated_bounds detail=energy=runtime×50 memory=formulaic entropy=G'_MDIM_ATTN_only_others_entropy_na
cr.orthogonality.freeze frozen=alpha unfrozen=eta correlation=1.0
cr.orthogonality.freeze frozen=T unfrozen=eta correlation=0.8550567078269826
rbta.estimated_bounds detail=energy=runtime×50 memory=formulaic entropy=G'_MDIM_ATTN_only_others_entropy_na
cr.orthogonality.freeze frozen=alpha unfrozen=eta correlation=1.0
rbta.estimated_bounds detail=energy=runtime×50 memory=formulaic entropy=G'_MDIM_ATTN_only_others_entropy_na
cr.orthogonality.freeze frozen=alpha unfrozen=eta correlation=0.9999999999999999
cr.orthogonality.freeze frozen=T unfrozen=eta correlation=0.8484817403400534
rbta.estimated_bounds detail=energy=runtime×50 memory=formulaic entropy=G'_MDIM_ATTN_only_others_entropy_na
cr.orthogonality.freeze frozen=alpha unfrozen=eta correlation=0.9999999999999997
rbta.estimated_bounds detail=energy=runtime×50 memory=formulaic entropy=G'_MDIM_ATTN_only_others_entropy_na
cr.orthogonality.freeze frozen=alpha unfrozen=eta correlation=0.9999999999999999
cr.orthogonality.freeze frozen=T unfrozen=eta correlation=0.8491313009050978
rbta.estimated_bounds detail=energy=runtime×50 memory=formulaic entropy=G'_MDIM_ATTN_only_others_entropy_na
cr.orthogonality.freeze frozen=alpha unfrozen=eta correlation=0.9999999999999999
cr.orthogonality.freeze frozen=T unfrozen=eta correlation=0.8544588305252595
rbta.estimated_bounds detail=energy=runtime×50 memory=formulaic entropy=G'_MDIM_ATTN_only_others_entropy_na
cr.orthogonality.freeze frozen=alpha unfrozen=eta correlation=1.0
cr.orthogonality.freeze frozen=T unfrozen=eta correlation=0.840851820733042
rbta.estimated_bounds detail=energy=runtime×50 memory=formulaic entropy=G'_MDIM_ATTN_only_others_entropy_na
cr.orthogonality.freeze frozen=alpha unfrozen=eta correlation=1.0
cr.orthogonality.freeze frozen=T unfrozen=eta correlation=0.8140530990840548
rbta.estimated_bounds detail=energy=runtime×50 memory=formulaic entropy=G'_MDIM_ATTN_only_others_entropy_na
cr.orthogonality.freeze frozen=alpha unfrozen=eta correlation=1.0
cr.orthogonality.freeze frozen=T unfrozen=eta correlation=0.8507777948530684
rbta.estimated_bounds detail=energy=runtime×50 memory=formulaic entropy=G'_MDIM_ATTN_only_others_entropy_na
cr.orthogonality.freeze frozen=alpha unfrozen=eta correlation=1.0
cr.orthogonality.freeze frozen=T unfrozen=eta correlation=0.8714990321987395
rbta.estimated_bounds detail=energy=runtime×50 memory=formulaic entropy=G'_MDIM_ATTN_only_others_entropy_na
cr.orthogonality.freeze frozen=alpha unfrozen=eta correlation=1.0
cr.orthogonality.freeze frozen=T unfrozen=eta correlation=0.8542849416860134
rbta.estimated_bounds detail=energy=runtime×50 memory=formulaic entropy=G'_MDIM_ATTN_only_others_entropy_na
cr.orthogonality.freeze frozen=alpha unfrozen=eta correlation=1.0
cr.orthogonality.freeze frozen=T unfrozen=eta correlation=0.8422218159798204
rbta.estimated_bounds detail=energy=runtime×50 memory=formulaic entropy=G'_MDIM_ATTN_only_others_entropy_na
cr.orthogonality.freeze frozen=alpha unfrozen=eta correlation=1.0
rbta.estimated_bounds detail=energy=runtime×50 memory=formulaic entropy=G'_MDIM_ATTN_only_others_entropy_na
cr.orthogonality.freeze frozen=alpha unfrozen=eta correlation=0.9999999999999999
rbta.estimated_bounds detail=energy=runtime×50 memory=formulaic entropy=G'_MDIM_ATTN_only_others_entropy_na
cr.orthogonality.freeze frozen=alpha unfrozen=eta correlation=1.0
cr.orthogonality.freeze frozen=T unfrozen=eta correlation=0.8449384354091408
rbta.estimated_bounds detail=energy=runtime×50 memory=formulaic entropy=G'_MDIM_ATTN_only_others_entropy_na
cr.orthogonality.freeze frozen=alpha unfrozen=eta correlation=1.0
cr.orthogonality.freeze frozen=T unfrozen=eta correlation=0.8487023186271934
rbta.estimated_bounds detail=energy=runtime×50 memory=formulaic entropy=G'_MDIM_ATTN_only_others_entropy_na
cr.orthogonality.freeze frozen=alpha unfrozen=eta correlation=1.0
cr.orthogonality.freeze frozen=T unfrozen=eta correlation=0.8379819314099551
rbta.estimated_bounds detail=energy=runtime×50 memory=formulaic entropy=G'_MDIM_ATTN_only_others_entropy_na
cr.orthogonality.freeze frozen=alpha unfrozen=eta correlation=1.0
cr.orthogonality.freeze frozen=T unfrozen=eta correlation=0.8646586967358157
rbta.estimated_bounds detail=energy=runtime×50 memory=formulaic entropy=G'_MDIM_ATTN_only_others_entropy_na
cr.orthogonality.freeze frozen=alpha unfrozen=eta correlation=1.0
cr.orthogonality.freeze frozen=T unfrozen=eta correlation=0.8576870584516965
rbta.estimated_bounds detail=energy=runtime×50 memory=formulaic entropy=G'_MDIM_ATTN_only_others_entropy_na
cr.orthogonality.freeze frozen=alpha unfrozen=eta correlation=1.0
cr.orthogonality.freeze frozen=T unfrozen=eta correlation=0.8684522742631785

=== Running A_geometry_default: default geometry (disable_blended_scorer=True) ===
  gate=FAIL goal_rate=0.5516666666666666 vs greedy=0.5978333333333333 losers=['goal_rate', 'first_goal_cycle', 'mean_distance_to_goal', 'cumulative_reward'] geo_dom=1.0 pe=3.43560675111413 elapsed=109.84s

=== Running B_geometry_learn_off: geometry + G'/TSPL learn off ===
  gate=FAIL goal_rate=0.5516666666666666 vs greedy=0.5978333333333333 losers=['goal_rate', 'first_goal_cycle', 'mean_distance_to_goal', 'cumulative_reward'] geo_dom=1.0 pe=23.43042844637235 elapsed=20.7s

=== Running C_blended_opt_in: blended scorer opt-in ===
  gate=FAIL goal_rate=0.4528333333333333 vs greedy=0.5978333333333333 losers=['goal_rate', 'first_goal_cycle', 'mean_distance_to_goal', 'cumulative_reward'] geo_dom=0.7666666666666667 pe=3.8295702980458737 elapsed=106.67s

Wrote logs/overnight_20260802_103502/diagnosis_5x5_l2_abc.json
cross_condition={
  "A_vs_B_goal_rate": {
    "A": 0.5516666666666666,
    "B": 0.5516666666666666,
    "abs_delta": 0.0,
    "approx_equal": true,
    "h2_supported": true
  },
  "A_vs_B_prediction_error_mean": {
    "A": 3.43560675111413,
    "B": 23.43042844637235,
    "abs_delta": 19.99482169525822,
    "note": "Secondary PE dual-report; not scenario-gated (D-195)."
  },
  "A_geometry_default_secondary_prediction": {
    "gated": false,
    "prediction_error_mean": 3.43560675111413,
    "note": "PHCA-only model-fit dual-report (D-195 / L4 dual PE pattern). Scenario PASS under geometry-dominated selection \u2260 prediction competence; PE does not affect gate.passed."
  },
  "A_geometry_default_prediction_error_mean": 3.43560675111413,
  "B_geometry_learn_off_secondary_prediction": {
    "gated": false,
    "prediction_error_mean": 23.43042844637235,
    "note": "PHCA-only model-fit dual-report (D-195 / L4 dual PE pattern). Scenario PASS under geometry-dominated selection \u2260 prediction competence; PE does not affect gate.passed."
  },
  "B_geometry_learn_off_prediction_error_mean": 23.43042844637235,
  "C_blended_opt_in_secondary_prediction": {
    "gated": false,
    "prediction_error_mean": 3.8295702980458737,
    "note": "PHCA-only model-fit dual-report (D-195 / L4 dual PE pattern). Scenario PASS under geometry-dominated selection \u2260 prediction competence; PE does not affect gate.passed."
  },
  "C_blended_opt_in_prediction_error_mean": 3.8295702980458737,
  "A_vs_C_goal_rate": {
    "A": 0.5516666666666666,
    "C": 0.4528333333333333,
    "delta_C_minus_A": -0.09883333333333333,
    "A_gate": false,
    "C_gate": false,
    "h3_gate_changed": false,
    "h3_goal_rate_moved": true
  },
  "H1_metric_design": {
    "losers": [
      "goal_rate",
      "first_goal_cycle",
      "mean_distance_to_goal",
      "cumulative_reward"
    ],
    "loses_goal_rate": true,
    "loses_non_goal_only": false
  }
}
