rbta.estimated_bounds detail=energy=runtime×50 memory=formulaic entropy=G'_MDIM_ATTN_only_others_entropy_na
cr.orthogonality.freeze frozen=alpha unfrozen=eta correlation=1.0
cr.orthogonality.freeze frozen=T unfrozen=eta correlation=0.8560900475136494
rbta.estimated_bounds detail=energy=runtime×50 memory=formulaic entropy=G'_MDIM_ATTN_only_others_entropy_na
cr.orthogonality.freeze frozen=alpha unfrozen=eta correlation=0.9999999999999997
cr.orthogonality.freeze frozen=T unfrozen=eta correlation=0.8544953173325596
rbta.estimated_bounds detail=energy=runtime×50 memory=formulaic entropy=G'_MDIM_ATTN_only_others_entropy_na
cr.orthogonality.freeze frozen=alpha unfrozen=eta correlation=0.9999999999999997
cr.orthogonality.freeze frozen=T unfrozen=eta correlation=0.858078075239882
rbta.estimated_bounds detail=energy=runtime×50 memory=formulaic entropy=G'_MDIM_ATTN_only_others_entropy_na
cr.orthogonality.freeze frozen=alpha unfrozen=eta correlation=1.0
cr.orthogonality.freeze frozen=T unfrozen=eta correlation=0.8565771411406766
rbta.estimated_bounds detail=energy=runtime×50 memory=formulaic entropy=G'_MDIM_ATTN_only_others_entropy_na
cr.orthogonality.freeze frozen=alpha unfrozen=eta correlation=1.0
cr.orthogonality.freeze frozen=T unfrozen=eta correlation=0.869634104723446
rbta.estimated_bounds detail=energy=runtime×50 memory=formulaic entropy=G'_MDIM_ATTN_only_others_entropy_na
cr.orthogonality.freeze frozen=alpha unfrozen=eta correlation=0.9999999999999999
cr.orthogonality.freeze frozen=T unfrozen=eta correlation=0.8513300322569729
rbta.estimated_bounds detail=energy=runtime×50 memory=formulaic entropy=G'_MDIM_ATTN_only_others_entropy_na
cr.orthogonality.freeze frozen=alpha unfrozen=eta correlation=1.0
cr.orthogonality.freeze frozen=T unfrozen=eta correlation=0.8604851656490891
rbta.estimated_bounds detail=energy=runtime×50 memory=formulaic entropy=G'_MDIM_ATTN_only_others_entropy_na
cr.orthogonality.freeze frozen=alpha unfrozen=eta correlation=0.9999999999999999
cr.orthogonality.freeze frozen=T unfrozen=eta correlation=0.8710338523259626
rbta.estimated_bounds detail=energy=runtime×50 memory=formulaic entropy=G'_MDIM_ATTN_only_others_entropy_na
cr.orthogonality.freeze frozen=alpha unfrozen=eta correlation=1.0
cr.orthogonality.freeze frozen=T unfrozen=eta correlation=0.8550499637774134
rbta.estimated_bounds detail=energy=runtime×50 memory=formulaic entropy=G'_MDIM_ATTN_only_others_entropy_na
cr.orthogonality.freeze frozen=alpha unfrozen=eta correlation=1.0
cr.orthogonality.freeze frozen=T unfrozen=eta correlation=0.875184026305958
rbta.estimated_bounds detail=energy=runtime×50 memory=formulaic entropy=G'_MDIM_ATTN_only_others_entropy_na
cr.orthogonality.freeze frozen=alpha unfrozen=eta correlation=1.0
cr.orthogonality.freeze frozen=T unfrozen=eta correlation=0.8655259507680683
rbta.estimated_bounds detail=energy=runtime×50 memory=formulaic entropy=G'_MDIM_ATTN_only_others_entropy_na
cr.orthogonality.freeze frozen=alpha unfrozen=eta correlation=1.0
cr.orthogonality.freeze frozen=T unfrozen=eta correlation=0.8719680489884212
rbta.estimated_bounds detail=energy=runtime×50 memory=formulaic entropy=G'_MDIM_ATTN_only_others_entropy_na
cr.orthogonality.freeze frozen=alpha unfrozen=eta correlation=1.0
cr.orthogonality.freeze frozen=T unfrozen=eta correlation=0.8682613257398961
rbta.estimated_bounds detail=energy=runtime×50 memory=formulaic entropy=G'_MDIM_ATTN_only_others_entropy_na
cr.orthogonality.freeze frozen=alpha unfrozen=eta correlation=1.0
cr.orthogonality.freeze frozen=T unfrozen=eta correlation=0.8574322253962212
rbta.estimated_bounds detail=energy=runtime×50 memory=formulaic entropy=G'_MDIM_ATTN_only_others_entropy_na
cr.orthogonality.freeze frozen=alpha unfrozen=eta correlation=1.0
cr.orthogonality.freeze frozen=T unfrozen=eta correlation=0.8593671176964844
rbta.estimated_bounds detail=energy=runtime×50 memory=formulaic entropy=G'_MDIM_ATTN_only_others_entropy_na
cr.orthogonality.freeze frozen=alpha unfrozen=eta correlation=0.9999999999999999
cr.orthogonality.freeze frozen=T unfrozen=eta correlation=0.8649172307894564
rbta.estimated_bounds detail=energy=runtime×50 memory=formulaic entropy=G'_MDIM_ATTN_only_others_entropy_na
cr.orthogonality.freeze frozen=alpha unfrozen=eta correlation=0.9999999999999999
cr.orthogonality.freeze frozen=T unfrozen=eta correlation=0.8689207909442315
rbta.estimated_bounds detail=energy=runtime×50 memory=formulaic entropy=G'_MDIM_ATTN_only_others_entropy_na
cr.orthogonality.freeze frozen=alpha unfrozen=eta correlation=1.0
cr.orthogonality.freeze frozen=T unfrozen=eta correlation=0.8553231496348971
rbta.estimated_bounds detail=energy=runtime×50 memory=formulaic entropy=G'_MDIM_ATTN_only_others_entropy_na
cr.orthogonality.freeze frozen=alpha unfrozen=eta correlation=1.0
cr.orthogonality.freeze frozen=T unfrozen=eta correlation=0.8624263821362161
rbta.estimated_bounds detail=energy=runtime×50 memory=formulaic entropy=G'_MDIM_ATTN_only_others_entropy_na
cr.orthogonality.freeze frozen=alpha unfrozen=eta correlation=0.9999999999999999
cr.orthogonality.freeze frozen=T unfrozen=eta correlation=0.860581896155597
rbta.estimated_bounds detail=energy=runtime×50 memory=formulaic entropy=G'_MDIM_ATTN_only_others_entropy_na
cr.orthogonality.freeze frozen=alpha unfrozen=eta correlation=0.9999999999999999
cr.orthogonality.freeze frozen=T unfrozen=eta correlation=0.8540452970362515
rbta.estimated_bounds detail=energy=runtime×50 memory=formulaic entropy=G'_MDIM_ATTN_only_others_entropy_na
cr.orthogonality.freeze frozen=alpha unfrozen=eta correlation=1.0
cr.orthogonality.freeze frozen=T unfrozen=eta correlation=0.8567472050604873
rbta.estimated_bounds detail=energy=runtime×50 memory=formulaic entropy=G'_MDIM_ATTN_only_others_entropy_na
cr.orthogonality.freeze frozen=alpha unfrozen=eta correlation=1.0
cr.orthogonality.freeze frozen=T unfrozen=eta correlation=0.8614555525121302
rbta.estimated_bounds detail=energy=runtime×50 memory=formulaic entropy=G'_MDIM_ATTN_only_others_entropy_na
cr.orthogonality.freeze frozen=alpha unfrozen=eta correlation=1.0
cr.orthogonality.freeze frozen=T unfrozen=eta correlation=0.8595602514760412
rbta.estimated_bounds detail=energy=runtime×50 memory=formulaic entropy=G'_MDIM_ATTN_only_others_entropy_na
cr.orthogonality.freeze frozen=alpha unfrozen=eta correlation=1.0
cr.orthogonality.freeze frozen=T unfrozen=eta correlation=0.8554339223621029
rbta.estimated_bounds detail=energy=runtime×50 memory=formulaic entropy=G'_MDIM_ATTN_only_others_entropy_na
cr.orthogonality.freeze frozen=alpha unfrozen=eta correlation=1.0
cr.orthogonality.freeze frozen=T unfrozen=eta correlation=0.8587227957056716
rbta.estimated_bounds detail=energy=runtime×50 memory=formulaic entropy=G'_MDIM_ATTN_only_others_entropy_na
cr.orthogonality.freeze frozen=alpha unfrozen=eta correlation=1.0
cr.orthogonality.freeze frozen=T unfrozen=eta correlation=0.8652728689449916
rbta.estimated_bounds detail=energy=runtime×50 memory=formulaic entropy=G'_MDIM_ATTN_only_others_entropy_na
cr.orthogonality.freeze frozen=alpha unfrozen=eta correlation=1.0
cr.orthogonality.freeze frozen=T unfrozen=eta correlation=0.8633895997528374
rbta.estimated_bounds detail=energy=runtime×50 memory=formulaic entropy=G'_MDIM_ATTN_only_others_entropy_na
cr.orthogonality.freeze frozen=alpha unfrozen=eta correlation=1.0
cr.orthogonality.freeze frozen=T unfrozen=eta correlation=0.8604835886654251
rbta.estimated_bounds detail=energy=runtime×50 memory=formulaic entropy=G'_MDIM_ATTN_only_others_entropy_na
cr.orthogonality.freeze frozen=alpha unfrozen=eta correlation=1.0
cr.orthogonality.freeze frozen=T unfrozen=eta correlation=0.862225921166266
rbta.estimated_bounds detail=energy=runtime×50 memory=formulaic entropy=G'_MDIM_ATTN_only_others_entropy_na
rbta.estimated_bounds detail=energy=runtime×50 memory=formulaic entropy=G'_MDIM_ATTN_only_others_entropy_na
rbta.estimated_bounds detail=energy=runtime×50 memory=formulaic entropy=G'_MDIM_ATTN_only_others_entropy_na
rbta.estimated_bounds detail=energy=runtime×50 memory=formulaic entropy=G'_MDIM_ATTN_only_others_entropy_na
rbta.estimated_bounds detail=energy=runtime×50 memory=formulaic entropy=G'_MDIM_ATTN_only_others_entropy_na
rbta.estimated_bounds detail=energy=runtime×50 memory=formulaic entropy=G'_MDIM_ATTN_only_others_entropy_na
rbta.estimated_bounds detail=energy=runtime×50 memory=formulaic entropy=G'_MDIM_ATTN_only_others_entropy_na
rbta.estimated_bounds detail=energy=runtime×50 memory=formulaic entropy=G'_MDIM_ATTN_only_others_entropy_na
rbta.estimated_bounds detail=energy=runtime×50 memory=formulaic entropy=G'_MDIM_ATTN_only_others_entropy_na
rbta.estimated_bounds detail=energy=runtime×50 memory=formulaic entropy=G'_MDIM_ATTN_only_others_entropy_na
rbta.estimated_bounds detail=energy=runtime×50 memory=formulaic entropy=G'_MDIM_ATTN_only_others_entropy_na
rbta.estimated_bounds detail=energy=runtime×50 memory=formulaic entropy=G'_MDIM_ATTN_only_others_entropy_na
rbta.estimated_bounds detail=energy=runtime×50 memory=formulaic entropy=G'_MDIM_ATTN_only_others_entropy_na
rbta.estimated_bounds detail=energy=runtime×50 memory=formulaic entropy=G'_MDIM_ATTN_only_others_entropy_na
rbta.estimated_bounds detail=energy=runtime×50 memory=formulaic entropy=G'_MDIM_ATTN_only_others_entropy_na
rbta.estimated_bounds detail=energy=runtime×50 memory=formulaic entropy=G'_MDIM_ATTN_only_others_entropy_na
rbta.estimated_bounds detail=energy=runtime×50 memory=formulaic entropy=G'_MDIM_ATTN_only_others_entropy_na
rbta.estimated_bounds detail=energy=runtime×50 memory=formulaic entropy=G'_MDIM_ATTN_only_others_entropy_na
rbta.estimated_bounds detail=energy=runtime×50 memory=formulaic entropy=G'_MDIM_ATTN_only_others_entropy_na
rbta.estimated_bounds detail=energy=runtime×50 memory=formulaic entropy=G'_MDIM_ATTN_only_others_entropy_na
rbta.estimated_bounds detail=energy=runtime×50 memory=formulaic entropy=G'_MDIM_ATTN_only_others_entropy_na
rbta.estimated_bounds detail=energy=runtime×50 memory=formulaic entropy=G'_MDIM_ATTN_only_others_entropy_na
rbta.estimated_bounds detail=energy=runtime×50 memory=formulaic entropy=G'_MDIM_ATTN_only_others_entropy_na
rbta.estimated_bounds detail=energy=runtime×50 memory=formulaic entropy=G'_MDIM_ATTN_only_others_entropy_na
rbta.estimated_bounds detail=energy=runtime×50 memory=formulaic entropy=G'_MDIM_ATTN_only_others_entropy_na
rbta.estimated_bounds detail=energy=runtime×50 memory=formulaic entropy=G'_MDIM_ATTN_only_others_entropy_na
rbta.estimated_bounds detail=energy=runtime×50 memory=formulaic entropy=G'_MDIM_ATTN_only_others_entropy_na
rbta.estimated_bounds detail=energy=runtime×50 memory=formulaic entropy=G'_MDIM_ATTN_only_others_entropy_na
rbta.estimated_bounds detail=energy=runtime×50 memory=formulaic entropy=G'_MDIM_ATTN_only_others_entropy_na
rbta.estimated_bounds detail=energy=runtime×50 memory=formulaic entropy=G'_MDIM_ATTN_only_others_entropy_na
rbta.estimated_bounds detail=energy=runtime×50 memory=formulaic entropy=G'_MDIM_ATTN_only_others_entropy_na
cr.orthogonality.freeze frozen=alpha unfrozen=eta correlation=1.0
cr.orthogonality.freeze frozen=T unfrozen=eta correlation=0.8560351615062216
rbta.estimated_bounds detail=energy=runtime×50 memory=formulaic entropy=G'_MDIM_ATTN_only_others_entropy_na
cr.orthogonality.freeze frozen=alpha unfrozen=eta correlation=1.0
cr.orthogonality.freeze frozen=T unfrozen=eta correlation=0.8655729286267803
rbta.estimated_bounds detail=energy=runtime×50 memory=formulaic entropy=G'_MDIM_ATTN_only_others_entropy_na
cr.orthogonality.freeze frozen=alpha unfrozen=eta correlation=1.0
cr.orthogonality.freeze frozen=T unfrozen=eta correlation=0.8598124041548669
rbta.estimated_bounds detail=energy=runtime×50 memory=formulaic entropy=G'_MDIM_ATTN_only_others_entropy_na
cr.orthogonality.freeze frozen=alpha unfrozen=eta correlation=0.9999999999999999
cr.orthogonality.freeze frozen=T unfrozen=eta correlation=0.861922915448546
rbta.estimated_bounds detail=energy=runtime×50 memory=formulaic entropy=G'_MDIM_ATTN_only_others_entropy_na
cr.orthogonality.freeze frozen=alpha unfrozen=eta correlation=1.0
cr.orthogonality.freeze frozen=T unfrozen=eta correlation=0.8667905161551465
rbta.estimated_bounds detail=energy=runtime×50 memory=formulaic entropy=G'_MDIM_ATTN_only_others_entropy_na
cr.orthogonality.freeze frozen=alpha unfrozen=eta correlation=1.0
cr.orthogonality.freeze frozen=T unfrozen=eta correlation=0.8573866461523644
rbta.estimated_bounds detail=energy=runtime×50 memory=formulaic entropy=G'_MDIM_ATTN_only_others_entropy_na
cr.orthogonality.freeze frozen=alpha unfrozen=eta correlation=1.0
cr.orthogonality.freeze frozen=T unfrozen=eta correlation=0.8619775112635792
rbta.estimated_bounds detail=energy=runtime×50 memory=formulaic entropy=G'_MDIM_ATTN_only_others_entropy_na
cr.orthogonality.freeze frozen=alpha unfrozen=eta correlation=1.0
cr.orthogonality.freeze frozen=T unfrozen=eta correlation=0.8651443501643138
rbta.estimated_bounds detail=energy=runtime×50 memory=formulaic entropy=G'_MDIM_ATTN_only_others_entropy_na
cr.orthogonality.freeze frozen=alpha unfrozen=eta correlation=1.0
cr.orthogonality.freeze frozen=T unfrozen=eta correlation=0.8545745544276909
rbta.estimated_bounds detail=energy=runtime×50 memory=formulaic entropy=G'_MDIM_ATTN_only_others_entropy_na
cr.orthogonality.freeze frozen=alpha unfrozen=eta correlation=1.0
cr.orthogonality.freeze frozen=T unfrozen=eta correlation=0.8591196719950851
rbta.estimated_bounds detail=energy=runtime×50 memory=formulaic entropy=G'_MDIM_ATTN_only_others_entropy_na
cr.orthogonality.freeze frozen=alpha unfrozen=eta correlation=1.0
cr.orthogonality.freeze frozen=T unfrozen=eta correlation=0.8588936229740365
rbta.estimated_bounds detail=energy=runtime×50 memory=formulaic entropy=G'_MDIM_ATTN_only_others_entropy_na
cr.orthogonality.freeze frozen=alpha unfrozen=eta correlation=1.0
cr.orthogonality.freeze frozen=T unfrozen=eta correlation=0.8657945391028258
rbta.estimated_bounds detail=energy=runtime×50 memory=formulaic entropy=G'_MDIM_ATTN_only_others_entropy_na
cr.orthogonality.freeze frozen=alpha unfrozen=eta correlation=0.9999999999999999
cr.orthogonality.freeze frozen=T unfrozen=eta correlation=0.8627593784125621
rbta.estimated_bounds detail=energy=runtime×50 memory=formulaic entropy=G'_MDIM_ATTN_only_others_entropy_na
cr.orthogonality.freeze frozen=alpha unfrozen=eta correlation=0.9999999999999999
cr.orthogonality.freeze frozen=T unfrozen=eta correlation=0.8649046968257454
rbta.estimated_bounds detail=energy=runtime×50 memory=formulaic entropy=G'_MDIM_ATTN_only_others_entropy_na
cr.orthogonality.freeze frozen=alpha unfrozen=eta correlation=1.0
cr.orthogonality.freeze frozen=T unfrozen=eta correlation=0.8618874211005702
rbta.estimated_bounds detail=energy=runtime×50 memory=formulaic entropy=G'_MDIM_ATTN_only_others_entropy_na
cr.orthogonality.freeze frozen=alpha unfrozen=eta correlation=1.0
cr.orthogonality.freeze frozen=T unfrozen=eta correlation=0.8668968051619623
rbta.estimated_bounds detail=energy=runtime×50 memory=formulaic entropy=G'_MDIM_ATTN_only_others_entropy_na
cr.orthogonality.freeze frozen=alpha unfrozen=eta correlation=0.9999999999999999
cr.orthogonality.freeze frozen=T unfrozen=eta correlation=0.8577980112152173
rbta.estimated_bounds detail=energy=runtime×50 memory=formulaic entropy=G'_MDIM_ATTN_only_others_entropy_na
cr.orthogonality.freeze frozen=alpha unfrozen=eta correlation=0.9999999999999999
cr.orthogonality.freeze frozen=T unfrozen=eta correlation=0.8583912737338487
rbta.estimated_bounds detail=energy=runtime×50 memory=formulaic entropy=G'_MDIM_ATTN_only_others_entropy_na
cr.orthogonality.freeze frozen=alpha unfrozen=eta correlation=1.0
cr.orthogonality.freeze frozen=T unfrozen=eta correlation=0.8629781525346043
rbta.estimated_bounds detail=energy=runtime×50 memory=formulaic entropy=G'_MDIM_ATTN_only_others_entropy_na
cr.orthogonality.freeze frozen=alpha unfrozen=eta correlation=1.0
cr.orthogonality.freeze frozen=T unfrozen=eta correlation=0.8563894675267976
rbta.estimated_bounds detail=energy=runtime×50 memory=formulaic entropy=G'_MDIM_ATTN_only_others_entropy_na
cr.orthogonality.freeze frozen=alpha unfrozen=eta correlation=0.9999999999999999
cr.orthogonality.freeze frozen=T unfrozen=eta correlation=0.8497856557347907
rbta.estimated_bounds detail=energy=runtime×50 memory=formulaic entropy=G'_MDIM_ATTN_only_others_entropy_na
cr.orthogonality.freeze frozen=alpha unfrozen=eta correlation=0.9999999999999999
cr.orthogonality.freeze frozen=T unfrozen=eta correlation=0.8619705731140805
rbta.estimated_bounds detail=energy=runtime×50 memory=formulaic entropy=G'_MDIM_ATTN_only_others_entropy_na
cr.orthogonality.freeze frozen=alpha unfrozen=eta correlation=1.0
cr.orthogonality.freeze frozen=T unfrozen=eta correlation=0.8494827443098761
rbta.estimated_bounds detail=energy=runtime×50 memory=formulaic entropy=G'_MDIM_ATTN_only_others_entropy_na
cr.orthogonality.freeze frozen=alpha unfrozen=eta correlation=1.0
cr.orthogonality.freeze frozen=T unfrozen=eta correlation=0.861369607995533
rbta.estimated_bounds detail=energy=runtime×50 memory=formulaic entropy=G'_MDIM_ATTN_only_others_entropy_na
cr.orthogonality.freeze frozen=alpha unfrozen=eta correlation=1.0
cr.orthogonality.freeze frozen=T unfrozen=eta correlation=0.8627251369615131
rbta.estimated_bounds detail=energy=runtime×50 memory=formulaic entropy=G'_MDIM_ATTN_only_others_entropy_na
cr.orthogonality.freeze frozen=alpha unfrozen=eta correlation=1.0
cr.orthogonality.freeze frozen=T unfrozen=eta correlation=0.8625318037164753
rbta.estimated_bounds detail=energy=runtime×50 memory=formulaic entropy=G'_MDIM_ATTN_only_others_entropy_na
cr.orthogonality.freeze frozen=alpha unfrozen=eta correlation=1.0
cr.orthogonality.freeze frozen=T unfrozen=eta correlation=0.8696021890718071
rbta.estimated_bounds detail=energy=runtime×50 memory=formulaic entropy=G'_MDIM_ATTN_only_others_entropy_na
cr.orthogonality.freeze frozen=alpha unfrozen=eta correlation=1.0
cr.orthogonality.freeze frozen=T unfrozen=eta correlation=0.8568500307930195
rbta.estimated_bounds detail=energy=runtime×50 memory=formulaic entropy=G'_MDIM_ATTN_only_others_entropy_na
cr.orthogonality.freeze frozen=alpha unfrozen=eta correlation=1.0
cr.orthogonality.freeze frozen=T unfrozen=eta correlation=0.8581761730264263
rbta.estimated_bounds detail=energy=runtime×50 memory=formulaic entropy=G'_MDIM_ATTN_only_others_entropy_na
cr.orthogonality.freeze frozen=alpha unfrozen=eta correlation=1.0
cr.orthogonality.freeze frozen=T unfrozen=eta correlation=0.8531728790194097

=== Running A_geometry_default: default geometry (disable_blended_scorer=True) ===
  gate=PASS goal_rate=0.19933333333333333 vs greedy=0.18666666666666668 losers=['first_goal_cycle'] geo_dom=1.0 pe=5.113924782673518 elapsed=255.68s

=== Running B_geometry_learn_off: geometry + G'/TSPL learn off ===
  gate=PASS goal_rate=0.19933333333333333 vs greedy=0.18666666666666668 losers=['first_goal_cycle'] geo_dom=1.0 pe=24.10601753807068 elapsed=27.37s

=== Running C_blended_opt_in: blended scorer opt-in ===
  gate=FAIL goal_rate=0.20283333333333334 vs greedy=0.18666666666666668 losers=['first_goal_cycle', 'mean_distance_to_goal'] geo_dom=0.6666666666666666 pe=5.794642176806927 elapsed=228.7s

Wrote logs/overnight_20260802_103502/diagnosis_10x10_l2_abc.json
cross_condition={
  "A_vs_B_goal_rate": {
    "A": 0.19933333333333333,
    "B": 0.19933333333333333,
    "abs_delta": 0.0,
    "approx_equal": true,
    "h2_supported": true
  },
  "A_vs_B_prediction_error_mean": {
    "A": 5.113924782673518,
    "B": 24.10601753807068,
    "abs_delta": 18.992092755397163,
    "note": "Secondary PE dual-report; not scenario-gated (D-195)."
  },
  "A_geometry_default_secondary_prediction": {
    "gated": false,
    "prediction_error_mean": 5.113924782673518,
    "note": "PHCA-only model-fit dual-report (D-195 / L4 dual PE pattern). Scenario PASS under geometry-dominated selection \u2260 prediction competence; PE does not affect gate.passed."
  },
  "A_geometry_default_prediction_error_mean": 5.113924782673518,
  "B_geometry_learn_off_secondary_prediction": {
    "gated": false,
    "prediction_error_mean": 24.10601753807068,
    "note": "PHCA-only model-fit dual-report (D-195 / L4 dual PE pattern). Scenario PASS under geometry-dominated selection \u2260 prediction competence; PE does not affect gate.passed."
  },
  "B_geometry_learn_off_prediction_error_mean": 24.10601753807068,
  "C_blended_opt_in_secondary_prediction": {
    "gated": false,
    "prediction_error_mean": 5.794642176806927,
    "note": "PHCA-only model-fit dual-report (D-195 / L4 dual PE pattern). Scenario PASS under geometry-dominated selection \u2260 prediction competence; PE does not affect gate.passed."
  },
  "C_blended_opt_in_prediction_error_mean": 5.794642176806927,
  "A_vs_C_goal_rate": {
    "A": 0.19933333333333333,
    "C": 0.20283333333333334,
    "delta_C_minus_A": 0.003500000000000003,
    "A_gate": true,
    "C_gate": false,
    "h3_gate_changed": true,
    "h3_goal_rate_moved": false
  },
  "H1_metric_design": {
    "losers": [
      "first_goal_cycle"
    ],
    "loses_goal_rate": false,
    "loses_non_goal_only": true
  }
}
