
############################################################
  Seed 42 (1/5)
############################################################

============================================================
  Level 0: Stationary Prediction
============================================================
  → Φ-IQ: 0.7441  (pred_acc=0.792, adapt=0.795, goals=0.800, transfer=0.630, resource=0.938, failures=0.005)

============================================================
  Level 1: Reactive Control
============================================================
  → Φ-IQ: 0.7026  (pred_acc=0.798, adapt=0.784, goals=0.600, transfer=0.626, resource=0.938, failures=0.005)

============================================================
  Level 2: Goal Pursuit
============================================================
  → Φ-IQ: 0.8241  (pred_acc=0.801, adapt=0.970, goals=0.970, transfer=0.777, resource=0.936, failures=0.000)

############################################################
  Seed 43 (2/5)
############################################################

============================================================
  Level 0: Stationary Prediction
============================================================
  → Φ-IQ: 0.7475  (pred_acc=0.798, adapt=0.792, goals=0.800, transfer=0.632, resource=0.950, failures=0.000)

============================================================
  Level 1: Reactive Control
============================================================
  → Φ-IQ: 0.6927  (pred_acc=0.766, adapt=0.761, goals=0.600, transfer=0.583, resource=0.954, failures=0.000)

============================================================
  Level 2: Goal Pursuit
============================================================
  → Φ-IQ: 0.8418  (pred_acc=0.820, adapt=0.990, goals=0.990, transfer=0.812, resource=0.956, failures=0.000)

############################################################
  Seed 44 (3/5)
############################################################

============================================================
  Level 0: Stationary Prediction
============================================================
  → Φ-IQ: 0.7340  (pred_acc=0.766, adapt=0.768, goals=0.800, transfer=0.589, resource=0.952, failures=0.000)

============================================================
  Level 1: Reactive Control
============================================================
  → Φ-IQ: 0.7001  (pred_acc=0.781, adapt=0.773, goals=0.600, transfer=0.604, resource=0.957, failures=0.000)

============================================================
  Level 2: Goal Pursuit
============================================================
  → Φ-IQ: 0.8375  (pred_acc=0.784, adapt=1.000, goals=1.000, transfer=0.784, resource=0.957, failures=0.000)

############################################################
  Seed 45 (4/5)
############################################################

============================================================
  Level 0: Stationary Prediction
============================================================
  → Φ-IQ: 0.7416  (pred_acc=0.781, adapt=0.780, goals=0.800, transfer=0.610, resource=0.956, failures=0.000)

============================================================
  Level 1: Reactive Control
============================================================
  → Φ-IQ: 0.7108  (pred_acc=0.806, adapt=0.791, goals=0.600, transfer=0.637, resource=0.958, failures=0.000)

============================================================
  Level 2: Goal Pursuit
============================================================
  → Φ-IQ: 0.8440  (pred_acc=0.809, adapt=1.000, goals=1.000, transfer=0.809, resource=0.958, failures=0.000)

############################################################
  Seed 46 (5/5)
############################################################

============================================================
  Level 0: Stationary Prediction
============================================================
  → Φ-IQ: 0.7525  (pred_acc=0.806, adapt=0.803, goals=0.800, transfer=0.647, resource=0.952, failures=0.000)

============================================================
  Level 1: Reactive Control
============================================================
  → Φ-IQ: 0.6826  (pred_acc=0.824, adapt=0.822, goals=0.400, transfer=0.678, resource=0.955, failures=0.000)

============================================================
  Level 2: Goal Pursuit
============================================================
  → Φ-IQ: 0.8136  (pred_acc=0.811, adapt=0.930, goals=0.930, transfer=0.754, resource=0.962, failures=0.000)

============================================================
  Multi-seed summary (5 seeds, base=42)
  Overall Φ-IQ: 0.7580 ± 0.0052
  L0: 0.7440 ± 0.0062
  L1: 0.6977 ± 0.0095
  L2: 0.8322 ± 0.0116
============================================================


============================================================
  PHCA v3.0 — Φ-IQ Benchmark Report
============================================================
  Config: 50 cycles/level, grid=5x5, MLP
  Action selection: pure_geometry_default
  Duration: 14.2s

  Level    Φ-IQ     Pred     Adapt    Goals    Transfer Resource Fail    
  ----------------------------------------------------------------
  L0       0.7525  0.8059  0.8027  0.8000  0.6469  0.9519  0.0000
  L1       0.6826  0.8242  0.8223  0.4000  0.6778  0.9549  0.0000
  L2       0.8136  0.8112  0.9300  0.9300  0.7544  0.9616  0.0000

  ────────────────────────────────────────────────────────────────
  OVERALL Φ-IQ                               0.7496
  ────────────────────────────────────────────────────────────────

  Pass Criteria:
    [✓ PASS] latency_under_500ms
    [✓ PASS] failure_rate_under_10pct
    [✓ PASS] phi_iq_above_0_5

  Overall: ✓ PASS
  Interpretation: L2 goal_complexity / Φ-IQ under default discrete GridWorld largely reflects BFS/Manhattan planner competence, not G′-scored control (D-156/D-161). Use --enable-blended-scorer for prediction-scored path.
============================================================

Report saved to logs/overnight_20260802_103502/phi_iq_l0l2.json
